Product: MDK-ARM Professional 5.10
Component: ARM Compiler 5.04 update 1 (build 49)
Tool: armlink [5040049]

==============================================================================

Section Cross References

    system_stm32f10x.o(.text) refers to system_stm32f10x.o(.data) for SystemCoreClock
    startup_stm32f10x_md.o(STACK) refers (Special) to heapauxi.o(.text) for __use_two_region_memory
    startup_stm32f10x_md.o(HEAP) refers (Special) to heapauxi.o(.text) for __use_two_region_memory
    startup_stm32f10x_md.o(RESET) refers (Special) to heapauxi.o(.text) for __use_two_region_memory
    startup_stm32f10x_md.o(RESET) refers to startup_stm32f10x_md.o(STACK) for __initial_sp
    startup_stm32f10x_md.o(RESET) refers to startup_stm32f10x_md.o(.text) for Reset_Handler
    startup_stm32f10x_md.o(RESET) refers to stm32f10x_it.o(.text) for NMI_Handler
    startup_stm32f10x_md.o(RESET) refers to uarts.o(.text) for USART1_IRQHandler
    startup_stm32f10x_md.o(RESET) refers to uart2.o(.text) for USART2_IRQHandler
    startup_stm32f10x_md.o(.text) refers (Special) to heapauxi.o(.text) for __use_two_region_memory
    startup_stm32f10x_md.o(.text) refers to system_stm32f10x.o(.text) for SystemInit
    startup_stm32f10x_md.o(.text) refers to __main.o(!!!main) for __main
    startup_stm32f10x_md.o(.text) refers to startup_stm32f10x_md.o(HEAP) for Heap_Mem
    startup_stm32f10x_md.o(.text) refers to startup_stm32f10x_md.o(STACK) for Stack_Mem
    delay.o(.text) refers to delay.o(.data) for fac_us
    ioi2c.o(.text) refers to stm32f10x_rcc.o(.text) for RCC_APB2PeriphClockCmd
    ioi2c.o(.text) refers to stm32f10x_gpio.o(.text) for GPIO_Init
    ioi2c.o(.text) refers to delay.o(.text) for delay_us
    hmc5883l.o(.text) refers to stm32f10x_gpio.o(.text) for GPIO_ReadInputDataBit
    hmc5883l.o(.text) refers to led.o(.text) for LED_Change
    hmc5883l.o(.text) refers to ioi2c.o(.text) for IICreadBytes
    hmc5883l.o(.text) refers to delay.o(.text) for delay_us
    hmc5883l.o(.text) refers to fflt_clz.o(x$fpl$fflt) for __aeabi_i2f
    hmc5883l.o(.text) refers to fmul.o(x$fpl$fmul) for __aeabi_fmul
    hmc5883l.o(.text) refers to hmc5883l.o(.bss) for HMC5883_FIFO
    hmc5883l.o(.text) refers to hmc5883l.o(.data) for HMC5883_calib
    hmc5883l.o(.text) refers to eeprom.o(.bss) for Config
    hmc5883l.o(.text) refers to eeprom.o(.text) for Write_config
    imu.o(.text) refers to stm32f10x_rcc.o(.text) for RCC_APB1PeriphClockCmd
    imu.o(.text) refers to stm32f10x_tim.o(.text) for TIM_TimeBaseStructInit
    imu.o(.text) refers to fmul.o(x$fpl$fmul) for __aeabi_fmul
    imu.o(.text) refers to faddsub_clz.o(x$fpl$frsb) for __aeabi_frsub
    imu.o(.text) refers to mpu6050.o(.text) for MPU6050_initialize
    imu.o(.text) refers to hmc5883l.o(.text) for HMC5883L_SetUp
    imu.o(.text) refers to bmp180.o(.text) for BMP180_init
    imu.o(.text) refers to delay.o(.text) for delay_ms
    imu.o(.text) refers to fflt_clz.o(x$fpl$fflt) for __aeabi_i2f
    imu.o(.text) refers to fdiv.o(x$fpl$fdiv) for __aeabi_fdiv
    imu.o(.text) refers to fflt_clz.o(x$fpl$ffltu) for __aeabi_ui2f
    imu.o(.text) refers to faddsub_clz.o(x$fpl$fadd) for __aeabi_fadd
    imu.o(.text) refers to faddsub_clz.o(x$fpl$fsub) for __aeabi_fsub
    imu.o(.text) refers to imu.o(.data) for q0
    imu.o(.text) refers to f2d.o(x$fpl$f2d) for __aeabi_f2d
    imu.o(.text) refers to sqrt.o(i.sqrt) for sqrt
    imu.o(.text) refers to d2f.o(x$fpl$d2f) for __aeabi_d2f
    imu.o(.text) refers to daddsub_clz.o(x$fpl$drsb) for __aeabi_drsub
    imu.o(.text) refers to daddsub_clz.o(x$fpl$dsub) for __aeabi_dsub
    imu.o(.text) refers to dmul.o(x$fpl$dmul) for __aeabi_dmul
    imu.o(.text) refers to daddsub_clz.o(x$fpl$dadd) for __aeabi_dadd
    imu.o(.text) refers to feqf.o(x$fpl$feqf) for __aeabi_cfcmpeq
    imu.o(.text) refers to atan2.o(i.atan2) for atan2
    imu.o(.text) refers to ddiv.o(x$fpl$ddiv) for __aeabi_ddiv
    imu.o(.text) refers to asin.o(i.asin) for asin
    imu.o(.text) refers to imu.o(.bss) for mygetqval
    led.o(.text) refers to stm32f10x_rcc.o(.text) for RCC_APB2PeriphClockCmd
    led.o(.text) refers to stm32f10x_gpio.o(.text) for GPIO_Init
    led.o(.text) refers to stm32f10x_tim.o(.text) for TIM_TimeBaseInit
    led.o(.text) refers to led.o(.data) for LightLevel
    mpu6050.o(.text) refers to ioi2c.o(.text) for IICwriteBits
    mpu6050.o(.text) refers to stm32f10x_gpio.o(.text) for GPIO_ReadInputDataBit
    mpu6050.o(.text) refers to delay.o(.text) for delay_us
    mpu6050.o(.text) refers to led.o(.text) for LED_Change
    mpu6050.o(.text) refers to eeprom.o(.text) for Write_config
    mpu6050.o(.text) refers to mpu6050.o(.bss) for MPU6050_FIFO
    mpu6050.o(.text) refers to mpu6050.o(.data) for MPU6050_Lastax
    mpu6050.o(.text) refers to eeprom.o(.bss) for Config
    uart2.o(.text) refers to misc.o(.text) for NVIC_Init
    uart2.o(.text) refers to stm32f10x_rcc.o(.text) for RCC_APB1PeriphClockCmd
[...]
    .text                                    0x08003cfc   Section        0  stm32f10x_rcc.o(.text)
    .text                                    0x080040a0   Section        0  stm32f10x_tim.o(.text)
    TI4_Config                               0x08004547   Thumb Code   130  stm32f10x_tim.o(.text)
    TI3_Config                               0x080045db   Thumb Code   122  stm32f10x_tim.o(.text)
    TI2_Config                               0x0800466f   Thumb Code   130  stm32f10x_tim.o(.text)
    TI1_Config                               0x08004703   Thumb Code   108  stm32f10x_tim.o(.text)
    .text                                    0x08004ebc   Section        0  stm32f10x_usart.o(.text)
    .text                                    0x080052c4   Section        0  stm32f10x_flash.o(.text)
    .text                                    0x08005880   Section        0  heapauxi.o(.text)
    .text                                    0x08005886   Section        0  _rserrno.o(.text)
    .text                                    0x0800589c   Section        8  rt_errno_addr_intlibspace.o(.text)
    .text                                    0x080058a4   Section        8  libspace.o(.text)
    .text                                    0x080058ac   Section       74  sys_stackheap_outer.o(.text)
    .text                                    0x080058f6   Section        0  exit.o(.text)
    .text                                    0x08005904   Section        0  sys_exit.o(.text)
    .text                                    0x08005910   Section        2  use_no_semi.o(.text)
    .text                                    0x08005912   Section        0  indicate_semi.o(.text)
    i.__ARM_fpclassify                       0x08005912   Section        0  fpclassify.o(i.__ARM_fpclassify)
    i.__kernel_poly                          0x0800593a   Section        0  poly.o(i.__kernel_poly)
    i.__mathlib_dbl_underflow                0x080059e4   Section        0  dunder.o(i.__mathlib_dbl_underflow)
    i.asin                                   0x080059f4   Section        0  asin.o(i.asin)
    i.atan                                   0x08005c70   Section        0  atan.o(i.atan)
    i.atan2                                  0x08005e94   Section        0  atan2.o(i.atan2)
    i.pow                                    0x08006014   Section        0  pow.o(i.pow)
    i.sqrt                                   0x080069f4   Section        0  sqrt.o(i.sqrt)
    x$fpl$d2f                                0x08006a40   Section       98  d2f.o(x$fpl$d2f)
    x$fpl$dadd                               0x08006aa4   Section      336  daddsub_clz.o(x$fpl$dadd)
    _dadd1                                   0x08006ab5   Thumb Code     0  daddsub_clz.o(x$fpl$dadd)
    x$fpl$dcheck1                            0x08006bf4   Section       16  dcheck1.o(x$fpl$dcheck1)
    x$fpl$dcmpinf                            0x08006c04   Section       24  dcmpi.o(x$fpl$dcmpinf)
    x$fpl$ddiv                               0x08006c1c   Section      688  ddiv.o(x$fpl$ddiv)
    ddiv_entry                               0x08006c23   Thumb Code     0  ddiv.o(x$fpl$ddiv)
    x$fpl$dfix                               0x08006ecc   Section       94  dfix.o(x$fpl$dfix)
    x$fpl$dflt                               0x08006f2a   Section       46  dflt_clz.o(x$fpl$dflt)
    x$fpl$dleqf                              0x08006f58   Section      120  dleqf.o(x$fpl$dleqf)
    x$fpl$dmul                               0x08006fd0   Section      340  dmul.o(x$fpl$dmul)
    x$fpl$dnaninf                            0x08007124   Section      156  dnaninf.o(x$fpl$dnaninf)
    x$fpl$dretinf                            0x080071c0   Section       12  dretinf.o(x$fpl$dretinf)
    x$fpl$drleqf                             0x080071cc   Section      108  drleqf.o(x$fpl$drleqf)
    x$fpl$drsb                               0x08007238   Section       22  daddsub_clz.o(x$fpl$drsb)
    x$fpl$dsqrt                              0x08007250   Section      460  dsqrt_noumaal.o(x$fpl$dsqrt)
    x$fpl$dsub                               0x0800741c   Section      468  daddsub_clz.o(x$fpl$dsub)
    _dsub1                                   0x0800742d   Thumb Code     0  daddsub_clz.o(x$fpl$dsub)
    x$fpl$f2d                                0x080075f0   Section       86  f2d.o(x$fpl$f2d)
    x$fpl$fadd                               0x08007648   Section      196  faddsub_clz.o(x$fpl$fadd)
    _fadd1                                   0x08007657   Thumb Code     0  faddsub_clz.o(x$fpl$fadd)
    x$fpl$fcmpinf                            0x0800770c   Section       24  fcmpi.o(x$fpl$fcmpinf)
    x$fpl$fdiv                               0x08007724   Section      388  fdiv.o(x$fpl$fdiv)
    _fdiv1                                   0x08007725   Thumb Code     0  fdiv.o(x$fpl$fdiv)
    x$fpl$feqf                               0x080078a8   Section      104  feqf.o(x$fpl$feqf)
    x$fpl$ffix                               0x08007910   Section       54  ffix.o(x$fpl$ffix)
    x$fpl$fflt                               0x08007948   Section       48  fflt_clz.o(x$fpl$fflt)
    x$fpl$ffltu                              0x08007978   Section       38  fflt_clz.o(x$fpl$ffltu)
    x$fpl$fmul                               0x080079a0   Section      258  fmul.o(x$fpl$fmul)
    x$fpl$fnaninf                            0x08007aa2   Section      140  fnaninf.o(x$fpl$fnaninf)
    x$fpl$fretinf                            0x08007b2e   Section       10  fretinf.o(x$fpl$fretinf)
    x$fpl$frsb                               0x08007b38   Section       20  faddsub_clz.o(x$fpl$frsb)
    x$fpl$fsub                               0x08007b4c   Section      234  faddsub_clz.o(x$fpl$fsub)
    _fsub1                                   0x08007b5b   Thumb Code     0  faddsub_clz.o(x$fpl$fsub)
    x$fpl$retnan                             0x08007c36   Section      100  retnan.o(x$fpl$retnan)
    x$fpl$scalbn                             0x08007c9a   Section       92  scalbn.o(x$fpl$scalbn)
    x$fpl$trapveneer                         0x08007cf6   Section       48  trapv.o(x$fpl$trapveneer)
    x$fpl$usenofp                            0x08007d26   Section        0  usenofp.o(x$fpl$usenofp)
    .constdata                               0x08007d28   Section       80  asin.o(.constdata)
    pS                                       0x08007d28   Data          48  asin.o(.constdata)
    qS                                       0x08007d58   Data          32  asin.o(.constdata)
    .constdata                               0x08007d78   Section      136  pow.o(.constdata)
    bp                                       0x08007d78   Data          16  pow.o(.constdata)
    dp_h                                     0x08007d88   Data          16  pow.o(.constdata)
    dp_l                                     0x08007d98   Data          16  pow.o(.constdata)
    L                                        0x08007da8   Data          48  pow.o(.constdata)
    P                                        0x08007dd8   Data          40  pow.o(.constdata)
    .constdata                               0x08007e00   Section      152  atan.o(.constdata)
    atanhi                                   0x08007e00   Data          32  atan.o(.constdata)
    atanlo                                   0x08007e20   Data          32  atan.o(.constdata)
    aTodd                                    0x08007e40   Data          40  atan.o(.constdata)
    aTeven                                   0x08007e68   Data          48  atan.o(.constdata)
    .constdata                               0x08007e98   Section        8  qnan.o(.constdata)
    .data                                    0x20000000   Section       20  system_stm32f10x.o(.data)
    .data                                    0x20000014   Section        4  delay.o(.data)
    fac_us                                   0x20000014   Data           1  delay.o(.data)
    fac_ms                                   0x20000016   Data           2  delay.o(.data)
    .data                                    0x20000018   Section       45  hmc5883l.o(.data)
    offset_mx                                0x20000030   Data           2  hmc5883l.o(.data)
    offset_my                                0x20000032   Data           2  hmc5883l.o(.data)
    offset_mz                                0x20000034   Data           2  hmc5883l.o(.data)
    mx_scale                                 0x20000038   Data           4  hmc5883l.o(.data)
    my_scale                                 0x2000003c   Data           4  hmc5883l.o(.data)
    mz_scale                                 0x20000040   Data           4  hmc5883l.o(.data)
    .data                                    0x20000048   Section       44  imu.o(.data)
    .data                                    0x20000074   Section      161  led.o(.data)
    LightLevel                               0x20000074   Data         160  led.o(.data)
    .data                                    0x20000116   Section       18  mpu6050.o(.data)
    .data                                    0x20000128   Section        4  uart2.o(.data)
    .data                                    0x2000012c   Section        2  uarts.o(.data)
    .data                                    0x20000130   Section       75  bmp180.o(.data)
    .data                                    0x2000017c   Section       43  main.o(.data)
    .data                                    0x200001a7   Section       20  stm32f10x_rcc.o(.data)
    APBAHBPrescTable                         0x200001a7   Data          16  stm32f10x_rcc.o(.data)
    ADCPrescTable                            0x200001b7   Data           4  stm32f10x_rcc.o(.data)
    .bss                                     0x200001bc   Section       66  hmc5883l.o(.bss)
    .bss                                     0x20000200   Section       36  imu.o(.bss)
    .bss                                     0x20000224   Section      146  mpu6050.o(.bss)
    .bss                                     0x200002b6   Section      358  uart2.o(.bss)
    .bss                                     0x2000041c   Section      258  uarts.o(.bss)
    .bss                                     0x20000520   Section      384  bmp180.o(.bss)
    .bss                                     0x200006a0   Section       28  eeprom.o(.bss)
    .bss                                     0x200006bc   Section       96  libspace.o(.bss)
    HEAP                                     0x20000720   Section      512  startup_stm32f10x_md.o(HEAP)
    Heap_Mem                                 0x20000720   Data         512  startup_stm32f10x_md.o(HEAP)
    STACK                                    0x20000920   Section     1024  startup_stm32f10x_md.o(STACK)
    Stack_Mem                                0x20000920   Data        1024  startup_stm32f10x_md.o(STACK)
    __initial_sp                             0x20000d20   Data           0  startup_stm32f10x_md.o(STACK)

    Global Symbols

    Symbol Name                              Value     Ov Type        Size  Object(Section)

    BuildAttributes$$THM_ISAv4$P$D$K$B$S$PE$A:L22UL41UL21$X:L11$S22US41US21$IEEE1$IW$USESV6$~STKCKD$USESV7$~SHL$OTIME$ROPI$IEEEX$EBA8$UX$STANDARDLIB$REQ8$PRES8$EABIv2 0x00000000   Number         0  anon$$obj.o ABSOLUTE
    __ARM_use_no_argv                        0x00000000   Number         0  main.o ABSOLUTE
    __ARM_exceptions_init                     - Undefined Weak Reference
    __alloca_initialize                       - Undefined Weak Reference
    __cpp_initialize__aeabi_                  - Undefined Weak Reference
    __cxa_finalize                            - Undefined Weak Reference
    __rt_locale                               - Undefined Weak Reference
    __sigvec_lookup                           - Undefined Weak Reference
    _atexit_init                              - Undefined Weak Reference
    _call_atexit_fns                          - Undefined Weak Reference
    _clock_init                               - Undefined Weak Reference
    _fp_trap_init                             - Undefined Weak Reference
    _fp_trap_shutdown                         - Undefined Weak Reference
    _get_lc_collate                           - Undefined Weak Reference
    _get_lc_ctype                             - Undefined Weak Reference
    _get_lc_monetary                          - Undefined Weak Reference
    _get_lc_numeric                           - Undefined Weak Reference
    _get_lc_time                              - Undefined Weak Reference
    _getenv_init                              - Undefined Weak Reference
    _handle_redirection                       - Undefined Weak Reference
    _init_alloc                               - Undefined Weak Reference
    _init_user_alloc                          - Undefined Weak Reference
    _initio                                   - Undefined Weak Reference
    _rand_init                                - Undefined Weak Reference
    _signal_finish                            - Undefined Weak Reference
    _signal_init                              - Undefined Weak Reference
    _terminate_alloc                          - Undefined Weak Reference
    _terminate_user_alloc                     - Undefined Weak Reference
    _terminateio                              - Undefined Weak Reference
    __Vectors_Size                           0x000000ec   Number         0  startup_stm32f10x_md.o ABSOLUTE
    __Vectors                                0x08000000   Data           4  startup_stm32f10x_md.o(RESET)
    __Vectors_End                            0x080000ec   Data           0  startup_stm32f10x_md.o(RESET)
    __main                                   0x080000ed   Thumb Code     8  __main.o(!!!main)
    __scatterload                            0x080000f5   Thumb Code     0  __scatter.o(!!!scatter)
    __scatterload_rt2                        0x080000f5   Thumb Code    44  __scatter.o(!!!scatter)
    __scatterload_rt2_thumb_only             0x080000f5   Thumb Code     0  __scatter.o(!!!scatter)
    __scatterload_null                       0x08000103   Thumb Code     0  __scatter.o(!!!scatter)
    __decompress                             0x08000129   Thumb Code    90  __dczerorl2.o(!!dczerorl2)
    __decompress1                            0x08000129   Thumb Code     0  __dczerorl2.o(!!dczerorl2)
    __scatterload_zeroinit                   0x08000185   Thumb Code    28  __scatter_zi.o(!!handler_zi)
    __rt_lib_init                            0x080001a1   Thumb Code     0  libinit.o(.ARM.Collect$$libinit$$00000000)
    __rt_lib_init_alloca_1                   0x080001a3   Thumb Code     0  libinit2.o(.ARM.Collect$$libinit$$0000002C)
    __rt_lib_init_argv_1                     0x080001a3   Thumb Code     0  libinit2.o(.ARM.Collect$$libinit$$0000002A)
    __rt_lib_init_atexit_1                   0x080001a3   Thumb Code     0  libinit2.o(.ARM.Collect$$libinit$$00000019)
    __rt_lib_init_clock_1                    0x080001a3   Thumb Code     0  libinit2.o(.ARM.Collect$$libinit$$0000001F)
    __rt_lib_init_cpp_1                      0x080001a3   Thumb Code     0  libinit2.o(.ARM.Collect$$libinit$$00000030)
    __rt_lib_init_exceptions_1               0x080001a3   Thumb Code     0  libinit2.o(.ARM.Collect$$libinit$$0000002E)
    __rt_lib_init_fp_1                       0x080001a3   Thumb Code     0  libinit2.o(.ARM.Collect$$libinit$$00000002)
    __rt_lib_init_fp_trap_1                  0x080001a3   Thumb Code     0  libinit2.o(.ARM.Collect$$libinit$$0000001D)
    __rt_lib_init_getenv_1                   0x080001a3   Thumb Code     0  libinit2.o(.ARM.Collect$$libinit$$00000021)
    __rt_lib_init_heap_1                     0x080001a3   Thumb Code     0  libinit2.o(.ARM.Collect$$libinit$$00000008)
    __rt_lib_init_lc_collate_1               0x080001a3   Thumb Code     0  libinit2.o(.ARM.Collect$$libinit$$0000000F)
    __rt_lib_init_lc_ctype_1                 0x080001a3   Thumb Code     0  libinit2.o(.ARM.Collect$$libinit$$00000011)
    __rt_lib_init_lc_monetary_1              0x080001a3   Thumb Code     0  libinit2.o(.ARM.Collect$$libinit$$00000013)
    __rt_lib_init_lc_numeric_1               0x080001a3   Thumb Code     0  libinit2.o(.ARM.Collect$$libinit$$00000015)
    __rt_lib_init_lc_time_1                  0x080001a3   Thumb Code     0  libinit2.o(.ARM.Collect$$libinit$$00000017)
    __rt_lib_init_rand_1                     0x080001a3   Thumb Code     0  libinit2.o(.ARM.Collect$$libinit$$0000000C)
    __rt_lib_init_return                     0x080001a3   Thumb Code     0  libinit2.o(.ARM.Collect$$libinit$$00000031)
    __rt_lib_init_signal_1                   0x080001a3   Thumb Code     0  libinit2.o(.ARM.Collect$$libinit$$0000001B)
    __rt_lib_init_stdio_1                    0x080001a3   Thumb Code     0  libinit2.o(.ARM.Collect$$libinit$$00000023)
    __rt_lib_init_user_alloc_1               0x080001a3   Thumb Code     0  libinit2.o(.ARM.Collect$$libinit$$0000000A)
    __rt_lib_shutdown                        0x080001a5   Thumb Code     0  libshutdown.o(.ARM.Collect$$libshutdown$$00000000)
    __rt_lib_shutdown_fp_trap_1              0x080001a7   Thumb Code     0  libshutdown2.o(.ARM.Collect$$libshutdown$$00000006)
    __rt_lib_shutdown_heap_1                 0x080001a7   Thumb Code     0  libshutdown2.o(.ARM.Collect$$libshutdown$$0000000E)
    __rt_lib_shutdown_return                 0x080001a7   Thumb Code     0  libshutdown2.o(.ARM.Collect$$libshutdown$$0000000F)
    __rt_lib_shutdown_signal_1               0x080001a7   Thumb Code     0  libshutdown2.o(.ARM.Collect$$libshutdown$$00000009)
    __rt_lib_shutdown_stdio_1                0x080001a7   Thumb Code     0  libshutdown2.o(.ARM.Collect$$libshutdown$$00000003)
    __rt_lib_shutdown_user_alloc_1           0x080001a7   Thumb Code     0  libshutdown2.o(.ARM.Collect$$libshutdown$$0000000B)
    __rt_entry                               0x080001a9   Thumb Code     0  rtentry.o(.ARM.Collect$$rtentry$$00000000)
    __rt_entry_presh_1                       0x080001a9   Thumb Code     0  rtentry2.o(.ARM.Collect$$rtentry$$00000002)
    __rt_entry_sh                            0x080001a9   Thumb Code     0  rtentry4.o(.ARM.Collect$$rtentry$$00000004)
    __rt_entry_li                            0x080001af   Thumb Code     0  rtentry2.o(.ARM.Collect$$rtentry$$0000000A)
    __rt_entry_postsh_1                      0x080001af   Thumb Code     0  rtentry2.o(.ARM.Collect$$rtentry$$00000009)
    __rt_entry_main                          0x080001b3   Thumb Code     0  rtentry2.o(.ARM.Collect$$rtentry$$0000000D)
    __rt_entry_postli_1                      0x080001b3   Thumb Code     0  rtentry2.o(.ARM.Collect$$rtentry$$0000000C)
    __rt_exit                                0x080001bb   Thumb Code     0  rtexit.o(.ARM.Collect$$rtexit$$00000000)
    __rt_exit_ls                             0x080001bd   Thumb Code     0  rtexit2.o(.ARM.Collect$$rtexit$$00000003)
    __rt_exit_prels_1                        0x080001bd   Thumb Code     0  rtexit2.o(.ARM.Collect$$rtexit$$00000002)
    __rt_exit_exit                           0x080001c1   Thumb Code     0  rtexit2.o(.ARM.Collect$$rtexit$$00000004)
    SystemInit                               0x080002a7   Thumb Code    78  system_stm32f10x.o(.text)
    SystemCoreClockUpdate                    0x080002f5   Thumb Code   142  system_stm32f10x.o(.text)
    Reset_Handler                            0x080003a9   Thumb Code     8  startup_stm32f10x_md.o(.text)
    ADC1_2_IRQHandler                        0x080003c3   Thumb Code     0  startup_stm32f10x_md.o(.text)
    CAN1_RX1_IRQHandler                      0x080003c3   Thumb Code     0  startup_stm32f10x_md.o(.text)
    CAN1_SCE_IRQHandler                      0x080003c3   Thumb Code     0  startup_stm32f10x_md.o(.text)
    DMA1_Channel1_IRQHandler                 0x080003c3   Thumb Code     0  startup_stm32f10x_md.o(.text)
    DMA1_Channel2_IRQHandler                 0x080003c3   Thumb Code     0  startup_stm32f10x_md.o(.text)
    DMA1_Channel3_IRQHandler                 0x080003c3   Thumb Code     0  startup_stm32f10x_md.o(.text)
    DMA1_Channel4_IRQHandler                 0x080003c3   Thumb Code     0  startup_stm32f10x_md.o(.text)
    DMA1_Channel5_IRQHandler                 0x080003c3   Thumb Code     0  startup_stm32f10x_md.o(.text)
    DMA1_Channel6_IRQHandler                 0x080003c3   Thumb Code     0  startup_stm32f10x_md.o(.text)
    DMA1_Channel7_IRQHandler                 0x080003c3   Thumb Code     0  startup_stm32f10x_md.o(.text)
    EXTI0_IRQHandler                         0x080003c3   Thumb Code     0  startup_stm32f10x_md.o(.text)
    EXTI15_10_IRQHandler                     0x080003c3   Thumb Code     0  startup_stm32f10x_md.o(.text)
    EXTI1_IRQHandler                         0x080003c3   Thumb Code     0  startup_stm32f10x_md.o(.text)
    EXTI2_IRQHandler                         0x080003c3   Thumb Code     0  startup_stm32f10x_md.o(.text)
    EXTI3_IRQHandler                         0x080003c3   Thumb Code     0  startup_stm32f10x_md.o(.text)
    EXTI4_IRQHandler                         0x080003c3   Thumb Code     0  startup_stm32f10x_md.o(.text)
    EXTI9_5_IRQHandler                       0x080003c3   Thumb Code     0  startup_stm32f10x_md.o(.text)
    FLASH_IRQHandler                         0x080003c3   Thumb Code     0  startup_stm32f10x_md.o(.text)
    I2C1_ER_IRQHandler                       0x080003c3   Thumb Code     0  startup_stm32f10x_md.o(.text)
    I2C1_EV_IRQHandler                       0x080003c3   Thumb Code     0  startup_stm32f10x_md.o(.text)
    I2C2_ER_IRQHandler                       0x080003c3   Thumb Code     0  startup_stm32f10x_md.o(.text)
    I2C2_EV_IRQHandler                       0x080003c3   Thumb Code     0  startup_stm32f10x_md.o(.text)
    PVD_IRQHandler                           0x080003c3   Thumb Code     0  startup_stm32f10x_md.o(.text)
    RCC_IRQHandler                           0x080003c3   Thumb Code     0  startup_stm32f10x_md.o(.text)
    RTCAlarm_IRQHandler                      0x080003c3   Thumb Code     0  startup_stm32f10x_md.o(.text)
    RTC_IRQHandler                           0x080003c3   Thumb Code     0  startup_stm32f10x_md.o(.text)
    SPI1_IRQHandler                          0x080003c3   Thumb Code     0  startup_stm32f10x_md.o(.text)
    SPI2_IRQHandler                          0x080003c3   Thumb Code     0  startup_stm32f10x_md.o(.text)
    TAMPER_IRQHandler                        0x080003c3   Thumb Code     0  startup_stm32f10x_md.o(.text)
    TIM1_BRK_IRQHandler                      0x080003c3   Thumb Code     0  startup_stm32f10x_md.o(.text)
    TIM1_CC_IRQHandler                       0x080003c3   Thumb Code     0  startup_stm32f10x_md.o(.text)
    TIM1_TRG_COM_IRQHandler                  0x080003c3   Thumb Code     0  startup_stm32f10x_md.o(.text)
    TIM1_UP_IRQHandler                       0x080003c3   Thumb Code     0  startup_stm32f10x_md.o(.text)
    TIM2_IRQHandler                          0x080003c3   Thumb Code     0  startup_stm32f10x_md.o(.text)
    TIM3_IRQHandler                          0x080003c3   Thumb Code     0  startup_stm32f10x_md.o(.text)
    TIM4_IRQHandler                          0x080003c3   Thumb Code     0  startup_stm32f10x_md.o(.text)
    USART3_IRQHandler                        0x080003c3   Thumb Code     0  startup_stm32f10x_md.o(.text)
    USBWakeUp_IRQHandler                     0x080003c3   Thumb Code     0  startup_stm32f10x_md.o(.text)
    USB_HP_CAN1_TX_IRQHandler                0x080003c3   Thumb Code     0  startup_stm32f10x_md.o(.text)
    USB_LP_CAN1_RX0_IRQHandler               0x080003c3   Thumb Code     0  startup_stm32f10x_md.o(.text)
    WWDG_IRQHandler                          0x080003c3   Thumb Code     0  startup_stm32f10x_md.o(.text)
    __user_initial_stackheap                 0x080003c5   Thumb Code     0  startup_stm32f10x_md.o(.text)
    delay_init                               0x080003e9   Thumb Code    56  delay.o(.text)
    delay_ms                                 0x08000421   Thumb Code    56  delay.o(.text)
    delay_us                                 0x08000459   Thumb Code    56  delay.o(.text)
    IIC_Init                                 0x08000499   Thumb Code    38  ioi2c.o(.text)
    IIC_Start                                0x080004bf   Thumb Code    64  ioi2c.o(.text)
    IIC_Stop                                 0x080004ff   Thumb Code    66  ioi2c.o(.text)
    IIC_Wait_Ack                             0x08000541   Thumb Code    92  ioi2c.o(.text)
    IIC_Ack                                  0x0800059d   Thumb Code    70  ioi2c.o(.text)
    IIC_NAck                                 0x080005e3   Thumb Code    70  ioi2c.o(.text)
    IIC_Send_Byte                            0x08000629   Thumb Code    92  ioi2c.o(.text)
    IIC_Read_Byte                            0x08000685   Thumb Code   100  ioi2c.o(.text)
    I2C_ReadOneByte                          0x080006e9   Thumb Code    70  ioi2c.o(.text)
    IICreadBytes                             0x0800072f   Thumb Code   100  ioi2c.o(.text)
    IICwriteBytes                            0x08000793   Thumb Code    70  ioi2c.o(.text)
    IICreadByte                              0x080007d9   Thumb Code    22  ioi2c.o(.text)
    IICwriteByte                             0x080007ef   Thumb Code    20  ioi2c.o(.text)
    IICwriteBits                             0x08000803   Thumb Code   106  ioi2c.o(.text)
    IICwriteBit                              0x0800086d   Thumb Code    76  ioi2c.o(.text)
    HMC5883_IS_newdata                       0x080008b9   Thumb Code    20  hmc5883l.o(.text)
    HMC58X3_newValues                        0x080008cd   Thumb Code   354  hmc5883l.o(.text)
    HMC58X3_getRaw                           0x08000a2f   Thumb Code   118  hmc5883l.o(.text)
    HMC58X3_FIFO_init                        0x08000aa5   Thumb Code    36  hmc5883l.o(.text)
    HMC58X3_writeReg                         0x08000ac9   Thumb Code    18  hmc5883l.o(.text)
    HMC58X3_getlastValues                    0x08000adb   Thumb Code    22  hmc5883l.o(.text)
    HMC58X3_mgetValues                       0x08000af1   Thumb Code   118  hmc5883l.o(.text)
    HMC58X3_setGain                          0x08000b67   Thumb Code    24  hmc5883l.o(.text)
    HMC58X3_setMode                          0x08000b7f   Thumb Code    28  hmc5883l.o(.text)
    HMC58X3_init                             0x08000b9b   Thumb Code    38  hmc5883l.o(.text)
    HMC58X3_setDOR                           0x08000bc1   Thumb Code    24  hmc5883l.o(.text)
    HMC58X3_getID                            0x08000bd9   Thumb Code    36  hmc5883l.o(.text)
    HMC5883L_SetUp                           0x08000bfd   Thumb Code    74  hmc5883l.o(.text)
    HMC5883L_Start_Calib                     0x08000c47   Thumb Code    70  hmc5883l.o(.text)
    HMC5883L_Save_Calib                      0x08000c8d   Thumb Code   204  hmc5883l.o(.text)
    Initial_Timer3                           0x08000d7d   Thumb Code   192  imu.o(.text)
    invSqrt                                  0x08000e3d   Thumb Code    72  imu.o(.text)
    micros                                   0x08000e85   Thumb Code    20  imu.o(.text)
    IMU_init                                 0x08000e99   Thumb Code    88  imu.o(.text)
    IMU_getValues                            0x08000ef1   Thumb Code    92  imu.o(.text)
    IMU_AHRSupdate                           0x08000f4d   Thumb Code  2000  imu.o(.text)
    IMU_getQ                                 0x0800171d   Thumb Code   148  imu.o(.text)
    IMU_getYawPitchRoll                      0x080017b1   Thumb Code   456  imu.o(.text)
    Initial_LED_GPIO                         0x0800199d   Thumb Code    84  led.o(.text)
    Initial_PWMLED                           0x080019f1   Thumb Code   172  led.o(.text)
    LED_Change                               0x08001a9d   Thumb Code    38  led.o(.text)
    LED_Reverse                              0x08001ac3   Thumb Code    38  led.o(.text)
    MPU6050_newValues                        0x08001af9   Thumb Code   494  mpu6050.o(.text)
    MPU6050_setClockSource                   0x08001ce7   Thumb Code    20  mpu6050.o(.text)
    MPU6050_setFullScaleGyroRange            0x08001cfb   Thumb Code    20  mpu6050.o(.text)
    MPU6050_setFullScaleAccelRange           0x08001d0f   Thumb Code    20  mpu6050.o(.text)
    MPU6050_setSleepEnabled                  0x08001d23   Thumb Code    18  mpu6050.o(.text)
    MPU6050_getDeviceID                      0x08001d35   Thumb Code    20  mpu6050.o(.text)
    MPU6050_testConnection                   0x08001d49   Thumb Code    18  mpu6050.o(.text)
    MPU6050_setI2CMasterModeEnabled          0x08001d5b   Thumb Code    18  mpu6050.o(.text)
    MPU6050_setI2CBypassEnabled              0x08001d6d   Thumb Code    18  mpu6050.o(.text)
    MPU6050_is_DRY                           0x08001d7f   Thumb Code    20  mpu6050.o(.text)
    MPU6050_getMotion6                       0x08001d93   Thumb Code   340  mpu6050.o(.text)
    MPU6050_initialize                       0x08001ee7   Thumb Code   168  mpu6050.o(.text)
    MPU6050_getlastMotion6                   0x08001f8f   Thumb Code    76  mpu6050.o(.text)
    MPU6050_InitGyro_Offset                  0x08001fdb   Thumb Code   228  mpu6050.o(.text)
    U2NVIC_Configuration                     0x080020f5   Thumb Code    34  uart2.o(.text)
    Initial_UART2                            0x08002117   Thumb Code   142  uart2.o(.text)
    UART2_Put_Char                           0x080021a5   Thumb Code    34  uart2.o(.text)
    UART2_Get_Char                           0x080021c7   Thumb Code    26  uart2.o(.text)
    UART2_Put_String                         0x080021e1   Thumb Code    46  uart2.o(.text)
    UART2_Putc_Hex                           0x0800220f   Thumb Code    80  uart2.o(.text)
    UART2_Putw_Hex                           0x0800225f   Thumb Code    18  uart2.o(.text)
    UART2_Putdw_Hex                          0x08002271   Thumb Code    18  uart2.o(.text)
    UART2_Putw_Dec                           0x08002283   Thumb Code    60  uart2.o(.text)
    UART2_Putint_Dec                         0x080022bf   Thumb Code    26  uart2.o(.text)
    UART2_Putintp_Dec                        0x080022d9   Thumb Code    54  uart2.o(.text)
    UART2_ReportIMU                          0x0800230f   Thumb Code   300  uart2.o(.text)
    UART2_ReportMotion                       0x0800243b   Thumb Code   426  uart2.o(.text)
    UART2_ReportHMC                          0x080025e5   Thumb Code   296  uart2.o(.text)
    USART2_IRQHandler                        0x0800270d   Thumb Code   268  uart2.o(.text)
    Sum_check                                0x08002819   Thumb Code    52  uart2.o(.text)
    UART2_CommandRoute                       0x0800284d   Thumb Code    40  uart2.o(.text)
    NVIC_Configuration                       0x08002891   Thumb Code    34  uarts.o(.text)
    Initial_UART1                            0x080028b3   Thumb Code   136  uarts.o(.text)
    UART1_Put_Char                           0x0800293b   Thumb Code    34  uarts.o(.text)
    UART1_Get_Char                           0x0800295d   Thumb Code    26  uarts.o(.text)
    UART1_Put_String                         0x08002977   Thumb Code    46  uarts.o(.text)
    UART1_Putc_Hex                           0x080029a5   Thumb Code    80  uarts.o(.text)
    UART1_Putw_Hex                           0x080029f5   Thumb Code    18  uarts.o(.text)
    UART1_Putdw_Hex                          0x08002a07   Thumb Code    18  uarts.o(.text)
    UART1_Putw_Dec                           0x08002a19   Thumb Code    60  uarts.o(.text)
    UART1_Putint_Dec                         0x08002a55   Thumb Code    26  uarts.o(.text)
    UART1_Putintp_Dec                        0x08002a6f   Thumb Code    54  uarts.o(.text)
    UART1_ReportIMU                          0x08002aa5   Thumb Code   300  uarts.o(.text)
    UART1_ReportMotion                       0x08002bd1   Thumb Code   422  uarts.o(.text)
    USART1_IRQHandler                        0x08002d77   Thumb Code    72  uarts.o(.text)
    MS561101BA_getAvg                        0x08002dd1   Thumb Code    64  bmp180.o(.text)
    BMP180_newTemperature                    0x08002e11   Thumb Code    50  bmp180.o(.text)
    BMP180_newPressure                       0x08002e43   Thumb Code    50  bmp180.o(.text)
    BMP180_newALT                            0x08002e75   Thumb Code    50  bmp180.o(.text)
    BMP180_getAlt                            0x08002ea7   Thumb Code     8  bmp180.o(.text)
    BMP180_getPress                          0x08002eaf   Thumb Code     8  bmp180.o(.text)
    BMP180_getTemperat                       0x08002eb7   Thumb Code     8  bmp180.o(.text)
    BMP180_readmem                           0x08002ebf   Thumb Code    22  bmp180.o(.text)
    BMP180_writemem                          0x08002ed5   Thumb Code    18  bmp180.o(.text)
    BMP180_calcTruePressure                  0x08002ee7   Thumb Code   330  bmp180.o(.text)
    BMP180_getAltitude                       0x08003031   Thumb Code   130  bmp180.o(.text)
    BMP180_calcTrueTemperature               0x080030b3   Thumb Code    92  bmp180.o(.text)
    BMP180_getTemperature                    0x0800310f   Thumb Code    24  bmp180.o(.text)
    BMP180_Routing                           0x08003127   Thumb Code   184  bmp180.o(.text)
    BMP180_getCalData                        0x080031df   Thumb Code   432  bmp180.o(.text)
    BMP180_setMode                           0x0800338f   Thumb Code     6  bmp180.o(.text)
    BMP180_getPressure                       0x08003395   Thumb Code   120  bmp180.o(.text)
    BMP180_setLocalAbsAlt                    0x0800340d   Thumb Code    24  bmp180.o(.text)
    BMP180_ResetAlt                          0x08003425   Thumb Code    22  bmp180.o(.text)
    BMP180_setLocalPressure                  0x0800343b   Thumb Code    24  bmp180.o(.text)
    BMP_init                                 0x08003453   Thumb Code    44  bmp180.o(.text)
    BMP180_init                              0x0800347f   Thumb Code    24  bmp180.o(.text)
    Write_config                             0x080034e5   Thumb Code    48  eeprom.o(.text)
    load_config                              0x08003515   Thumb Code    84  eeprom.o(.text)
    main                                     0x08003575   Thumb Code   730  main.o(.text)
    NMI_Handler                              0x080038a9   Thumb Code     2  stm32f10x_it.o(.text)
    HardFault_Handler                        0x080038ab   Thumb Code     4  stm32f10x_it.o(.text)
    MemManage_Handler                        0x080038af   Thumb Code     4  stm32f10x_it.o(.text)
    BusFault_Handler                         0x080038b3   Thumb Code     4  stm32f10x_it.o(.text)
    UsageFault_Handler                       0x080038b7   Thumb Code     4  stm32f10x_it.o(.text)
    SVC_Handler                              0x080038bb   Thumb Code     2  stm32f10x_it.o(.text)
    DebugMon_Handler                         0x080038bd   Thumb Code     2  stm32f10x_it.o(.text)
    PendSV_Handler                           0x080038bf   Thumb Code     2  stm32f10x_it.o(.text)
    SysTick_Handler                          0x080038c1   Thumb Code     2  stm32f10x_it.o(.text)
    NVIC_PriorityGroupConfig                 0x080038c5   Thumb Code    10  misc.o(.text)
    NVIC_Init                                0x080038cf   Thumb Code   100  misc.o(.text)
    NVIC_SetVectorTable                      0x08003933   Thumb Code    14  misc.o(.text)
    NVIC_SystemLPConfig                      0x08003941   Thumb Code    34  misc.o(.text)
    SysTick_CLKSourceConfig                  0x08003963   Thumb Code    40  misc.o(.text)
    GPIO_DeInit                              0x080039a1   Thumb Code   172  stm32f10x_gpio.o(.text)
    GPIO_AFIODeInit                          0x08003a4d   Thumb Code    20  stm32f10x_gpio.o(.text)
    GPIO_Init                                0x08003a61   Thumb Code   278  stm32f10x_gpio.o(.text)
    GPIO_StructInit                          0x08003b77   Thumb Code    16  stm32f10x_gpio.o(.text)
    GPIO_ReadInputDataBit                    0x08003b87   Thumb Code    18  stm32f10x_gpio.o(.text)
    GPIO_ReadInputData                       0x08003b99   Thumb Code     8  stm32f10x_gpio.o(.text)
    GPIO_ReadOutputDataBit                   0x08003ba1   Thumb Code    18  stm32f10x_gpio.o(.text)
    GPIO_ReadOutputData                      0x08003bb3   Thumb Code     8  stm32f10x_gpio.o(.text)
    GPIO_SetBits                             0x08003bbb   Thumb Code     4  stm32f10x_gpio.o(.text)
    GPIO_ResetBits                           0x08003bbf   Thumb Code     4  stm32f10x_gpio.o(.text)
    GPIO_WriteBit                            0x08003bc3   Thumb Code    10  stm32f10x_gpio.o(.text)
    GPIO_Write                               0x08003bcd   Thumb Code     4  stm32f10x_gpio.o(.text)
    GPIO_PinLockConfig                       0x08003bd1   Thumb Code    18  stm32f10x_gpio.o(.text)
    GPIO_EventOutputConfig                   0x08003be3   Thumb Code    26  stm32f10x_gpio.o(.text)
    GPIO_EventOutputCmd                      0x08003bfd   Thumb Code     6  stm32f10x_gpio.o(.text)
    GPIO_PinRemapConfig                      0x08003c03   Thumb Code   138  stm32f10x_gpio.o(.text)
    GPIO_EXTILineConfig                      0x08003c8d   Thumb Code    66  stm32f10x_gpio.o(.text)
    GPIO_ETH_MediaInterfaceConfig            0x08003ccf   Thumb Code     8  stm32f10x_gpio.o(.text)
    RCC_DeInit                               0x08003cfd   Thumb Code    64  stm32f10x_rcc.o(.text)
    RCC_HSEConfig                            0x08003d3d   Thumb Code    70  stm32f10x_rcc.o(.text)
    RCC_GetFlagStatus                        0x08003d83   Thumb Code    56  stm32f10x_rcc.o(.text)
    RCC_WaitForHSEStartUp                    0x08003dbb   Thumb Code    56  stm32f10x_rcc.o(.text)
    RCC_AdjustHSICalibrationValue            0x08003df3   Thumb Code    20  stm32f10x_rcc.o(.text)
    RCC_HSICmd                               0x08003e07   Thumb Code     6  stm32f10x_rcc.o(.text)
    RCC_PLLConfig                            0x08003e0d   Thumb Code    24  stm32f10x_rcc.o(.text)
    RCC_PLLCmd                               0x08003e25   Thumb Code     6  stm32f10x_rcc.o(.text)
    RCC_SYSCLKConfig                         0x08003e2b   Thumb Code    18  stm32f10x_rcc.o(.text)
    RCC_GetSYSCLKSource                      0x08003e3d   Thumb Code    10  stm32f10x_rcc.o(.text)
    RCC_HCLKConfig                           0x08003e47   Thumb Code    18  stm32f10x_rcc.o(.text)
    RCC_PCLK1Config                          0x08003e59   Thumb Code    18  stm32f10x_rcc.o(.text)
    RCC_PCLK2Config                          0x08003e6b   Thumb Code    20  stm32f10x_rcc.o(.text)
    RCC_ITConfig                             0x08003e7f   Thumb Code    26  stm32f10x_rcc.o(.text)
    RCC_USBCLKConfig                         0x08003e99   Thumb Code     8  stm32f10x_rcc.o(.text)
    RCC_ADCCLKConfig                         0x08003ea1   Thumb Code    18  stm32f10x_rcc.o(.text)
    RCC_LSEConfig                            0x08003eb3   Thumb Code    50  stm32f10x_rcc.o(.text)
    RCC_LSICmd                               0x08003ee5   Thumb Code     6  stm32f10x_rcc.o(.text)
    RCC_RTCCLKConfig                         0x08003eeb   Thumb Code    12  stm32f10x_rcc.o(.text)
    RCC_RTCCLKCmd                            0x08003ef7   Thumb Code     8  stm32f10x_rcc.o(.text)
    RCC_GetClocksFreq                        0x08003eff   Thumb Code   192  stm32f10x_rcc.o(.text)
    RCC_AHBPeriphClockCmd                    0x08003fbf   Thumb Code    26  stm32f10x_rcc.o(.text)
    RCC_APB2PeriphClockCmd                   0x08003fd9   Thumb Code    26  stm32f10x_rcc.o(.text)
    RCC_APB1PeriphClockCmd                   0x08003ff3   Thumb Code    26  stm32f10x_rcc.o(.text)
    RCC_APB2PeriphResetCmd                   0x0800400d   Thumb Code    26  stm32f10x_rcc.o(.text)
    RCC_APB1PeriphResetCmd                   0x08004027   Thumb Code    26  stm32f10x_rcc.o(.text)
    RCC_BackupResetCmd                       0x08004041   Thumb Code     8  stm32f10x_rcc.o(.text)
    RCC_ClockSecuritySystemCmd               0x08004049   Thumb Code     6  stm32f10x_rcc.o(.text)
    RCC_MCOConfig                            0x0800404f   Thumb Code     6  stm32f10x_rcc.o(.text)
    RCC_ClearFlag                            0x08004055   Thumb Code    14  stm32f10x_rcc.o(.text)
    RCC_GetITStatus                          0x08004063   Thumb Code    20  stm32f10x_rcc.o(.text)
    RCC_ClearITPendingBit                    0x08004077   Thumb Code     6  stm32f10x_rcc.o(.text)
    TIM_DeInit                               0x080040a1   Thumb Code   424  stm32f10x_tim.o(.text)
    TIM_TimeBaseInit                         0x08004249   Thumb Code   122  stm32f10x_tim.o(.text)
    TIM_OC1Init                              0x080042c3   Thumb Code   132  stm32f10x_tim.o(.text)
    TIM_OC2Init                              0x08004347   Thumb Code   154  stm32f10x_tim.o(.text)
    TIM_OC3Init                              0x080043e1   Thumb Code   150  stm32f10x_tim.o(.text)
    TIM_OC4Init                              0x08004477   Thumb Code   182  stm32f10x_tim.o(.text)
    TIM_SetIC4Prescaler                      0x0800452d   Thumb Code    26  stm32f10x_tim.o(.text)
    TIM_SetIC3Prescaler                      0x080045c9   Thumb Code    18  stm32f10x_tim.o(.text)
    TIM_SetIC2Prescaler                      0x08004655   Thumb Code    26  stm32f10x_tim.o(.text)
    TIM_SetIC1Prescaler                      0x080046f1   Thumb Code    18  stm32f10x_tim.o(.text)
    TIM_ICInit                               0x0800476f   Thumb Code   150  stm32f10x_tim.o(.text)
    TIM_PWMIConfig                           0x08004805   Thumb Code   124  stm32f10x_tim.o(.text)
    TIM_BDTRConfig                           0x08004881   Thumb Code    32  stm32f10x_tim.o(.text)
    TIM_TimeBaseStructInit                   0x080048a1   Thumb Code    18  stm32f10x_tim.o(.text)
    TIM_OCStructInit                         0x080048b3   Thumb Code    20  stm32f10x_tim.o(.text)
    TIM_ICStructInit                         0x080048c7   Thumb Code    18  stm32f10x_tim.o(.text)
    TIM_BDTRStructInit                       0x080048d9   Thumb Code    40  stm32f10x_tim.o(.text)
    TIM_Cmd                                  0x08004901   Thumb Code    24  stm32f10x_tim.o(.text)
    TIM_CtrlPWMOutputs                       0x08004919   Thumb Code    30  stm32f10x_tim.o(.text)
    TIM_ITConfig                             0x08004937   Thumb Code    18  stm32f10x_tim.o(.text)
    TIM_GenerateEvent                        0x08004949   Thumb Code     4  stm32f10x_tim.o(.text)
    TIM_DMAConfig                            0x0800494d   Thumb Code    10  stm32f10x_tim.o(.text)
    TIM_DMACmd                               0x08004957   Thumb Code    18  stm32f10x_tim.o(.text)
    TIM_InternalClockConfig                  0x08004969   Thumb Code    12  stm32f10x_tim.o(.text)
    TIM_SelectInputTrigger                   0x08004975   Thumb Code    18  stm32f10x_tim.o(.text)
    TIM_ITRxExternalClockConfig              0x08004987   Thumb Code    24  stm32f10x_tim.o(.text)
    TIM_TIxExternalClockConfig               0x0800499f   Thumb Code    62  stm32f10x_tim.o(.text)
    TIM_ETRConfig                            0x080049dd   Thumb Code    28  stm32f10x_tim.o(.text)
    TIM_ETRClockMode1Config                  0x080049f9   Thumb Code    54  stm32f10x_tim.o(.text)
    TIM_ETRClockMode2Config                  0x08004a2f   Thumb Code    32  stm32f10x_tim.o(.text)
    TIM_PrescalerConfig                      0x08004a4f   Thumb Code     6  stm32f10x_tim.o(.text)
    TIM_CounterModeConfig                    0x08004a55   Thumb Code    18  stm32f10x_tim.o(.text)
    TIM_EncoderInterfaceConfig               0x08004a67   Thumb Code    66  stm32f10x_tim.o(.text)
    TIM_ForcedOC1Config                      0x08004aa9   Thumb Code    18  stm32f10x_tim.o(.text)
    TIM_ForcedOC2Config                      0x08004abb   Thumb Code    26  stm32f10x_tim.o(.text)
    TIM_ForcedOC3Config                      0x08004ad5   Thumb Code    18  stm32f10x_tim.o(.text)
    TIM_ForcedOC4Config                      0x08004ae7   Thumb Code    26  stm32f10x_tim.o(.text)
    TIM_ARRPreloadConfig                     0x08004b01   Thumb Code    24  stm32f10x_tim.o(.text)
    TIM_SelectCOM                            0x08004b19   Thumb Code    24  stm32f10x_tim.o(.text)
    TIM_SelectCCDMA                          0x08004b31   Thumb Code    24  stm32f10x_tim.o(.text)
    TIM_CCPreloadControl                     0x08004b49   Thumb Code    24  stm32f10x_tim.o(.text)
    TIM_OC1PreloadConfig                     0x08004b61   Thumb Code    18  stm32f10x_tim.o(.text)
    TIM_OC2PreloadConfig                     0x08004b73   Thumb Code    26  stm32f10x_tim.o(.text)
    TIM_OC3PreloadConfig                     0x08004b8d   Thumb Code    18  stm32f10x_tim.o(.text)
    TIM_OC4PreloadConfig                     0x08004b9f   Thumb Code    26  stm32f10x_tim.o(.text)
    TIM_OC1FastConfig                        0x08004bb9   Thumb Code    18  stm32f10x_tim.o(.text)
    TIM_OC2FastConfig                        0x08004bcb   Thumb Code    26  stm32f10x_tim.o(.text)
    TIM_OC3FastConfig                        0x08004be5   Thumb Code    18  stm32f10x_tim.o(.text)
    TIM_OC4FastConfig                        0x08004bf7   Thumb Code    26  stm32f10x_tim.o(.text)
    TIM_ClearOC1Ref                          0x08004c11   Thumb Code    18  stm32f10x_tim.o(.text)
    TIM_ClearOC2Ref                          0x08004c23   Thumb Code    24  stm32f10x_tim.o(.text)
    TIM_ClearOC3Ref                          0x08004c3b   Thumb Code    18  stm32f10x_tim.o(.text)
    TIM_ClearOC4Ref                          0x08004c4d   Thumb Code    24  stm32f10x_tim.o(.text)
    TIM_OC1PolarityConfig                    0x08004c65   Thumb Code    18  stm32f10x_tim.o(.text)
    TIM_OC1NPolarityConfig                   0x08004c77   Thumb Code    18  stm32f10x_tim.o(.text)
    TIM_OC2PolarityConfig                    0x08004c89   Thumb Code    26  stm32f10x_tim.o(.text)
    TIM_OC2NPolarityConfig                   0x08004ca3   Thumb Code    26  stm32f10x_tim.o(.text)
    TIM_OC3PolarityConfig                    0x08004cbd   Thumb Code    26  stm32f10x_tim.o(.text)
    TIM_OC3NPolarityConfig                   0x08004cd7   Thumb Code    26  stm32f10x_tim.o(.text)
    TIM_OC4PolarityConfig                    0x08004cf1   Thumb Code    26  stm32f10x_tim.o(.text)
    TIM_CCxCmd                               0x08004d0b   Thumb Code    30  stm32f10x_tim.o(.text)
    TIM_CCxNCmd                              0x08004d29   Thumb Code    30  stm32f10x_tim.o(.text)
    TIM_SelectOCxM                           0x08004d47   Thumb Code    82  stm32f10x_tim.o(.text)
    TIM_UpdateDisableConfig                  0x08004d99   Thumb Code    24  stm32f10x_tim.o(.text)
    TIM_UpdateRequestConfig                  0x08004db1   Thumb Code    24  stm32f10x_tim.o(.text)
    TIM_SelectHallSensor                     0x08004dc9   Thumb Code    24  stm32f10x_tim.o(.text)
    TIM_SelectOnePulseMode                   0x08004de1   Thumb Code    18  stm32f10x_tim.o(.text)
    TIM_SelectOutputTrigger                  0x08004df3   Thumb Code    18  stm32f10x_tim.o(.text)
    TIM_SelectSlaveMode                      0x08004e05   Thumb Code    18  stm32f10x_tim.o(.text)
    TIM_SelectMasterSlaveMode                0x08004e17   Thumb Code    18  stm32f10x_tim.o(.text)
    TIM_SetCounter                           0x08004e29   Thumb Code     4  stm32f10x_tim.o(.text)
    TIM_SetAutoreload                        0x08004e2d   Thumb Code     4  stm32f10x_tim.o(.text)
    TIM_SetCompare1                          0x08004e31   Thumb Code     4  stm32f10x_tim.o(.text)
    TIM_SetCompare2                          0x08004e35   Thumb Code     4  stm32f10x_tim.o(.text)
    TIM_SetCompare3                          0x08004e39   Thumb Code     4  stm32f10x_tim.o(.text)
    TIM_SetCompare4                          0x08004e3d   Thumb Code     6  stm32f10x_tim.o(.text)
    TIM_SetClockDivision                     0x08004e43   Thumb Code    18  stm32f10x_tim.o(.text)
    TIM_GetCapture1                          0x08004e55   Thumb Code     6  stm32f10x_tim.o(.text)
    TIM_GetCapture2                          0x08004e5b   Thumb Code     6  stm32f10x_tim.o(.text)
    TIM_GetCapture3                          0x08004e61   Thumb Code     6  stm32f10x_tim.o(.text)
    TIM_GetCapture4                          0x08004e67   Thumb Code     8  stm32f10x_tim.o(.text)
    TIM_GetCounter                           0x08004e6f   Thumb Code     6  stm32f10x_tim.o(.text)
    TIM_GetPrescaler                         0x08004e75   Thumb Code     6  stm32f10x_tim.o(.text)
    TIM_GetFlagStatus                        0x08004e7b   Thumb Code    18  stm32f10x_tim.o(.text)
    TIM_ClearFlag                            0x08004e8d   Thumb Code     6  stm32f10x_tim.o(.text)
    TIM_GetITStatus                          0x08004e93   Thumb Code    34  stm32f10x_tim.o(.text)
    TIM_ClearITPendingBit                    0x08004eb5   Thumb Code     6  stm32f10x_tim.o(.text)
    USART_DeInit                             0x08004ebd   Thumb Code   134  stm32f10x_usart.o(.text)
    USART_Init                               0x08004f43   Thumb Code   210  stm32f10x_usart.o(.text)
    USART_StructInit                         0x08005015   Thumb Code    24  stm32f10x_usart.o(.text)
    USART_ClockInit                          0x0800502d   Thumb Code    34  stm32f10x_usart.o(.text)
    USART_ClockStructInit                    0x0800504f   Thumb Code    12  stm32f10x_usart.o(.text)
    USART_Cmd                                0x0800505b   Thumb Code    24  stm32f10x_usart.o(.text)
    USART_ITConfig                           0x08005073   Thumb Code    74  stm32f10x_usart.o(.text)
    USART_DMACmd                             0x080050bd   Thumb Code    18  stm32f10x_usart.o(.text)
    USART_SetAddress                         0x080050cf   Thumb Code    18  stm32f10x_usart.o(.text)
    USART_WakeUpConfig                       0x080050e1   Thumb Code    18  stm32f10x_usart.o(.text)
    USART_ReceiverWakeUpCmd                  0x080050f3   Thumb Code    24  stm32f10x_usart.o(.text)
    USART_LINBreakDetectLengthConfig         0x0800510b   Thumb Code    18  stm32f10x_usart.o(.text)
    USART_LINCmd                             0x0800511d   Thumb Code    24  stm32f10x_usart.o(.text)
    USART_SendData                           0x08005135   Thumb Code     8  stm32f10x_usart.o(.text)
    USART_ReceiveData                        0x0800513d   Thumb Code    10  stm32f10x_usart.o(.text)
    USART_SendBreak                          0x08005147   Thumb Code    10  stm32f10x_usart.o(.text)
    USART_SetGuardTime                       0x08005151   Thumb Code    16  stm32f10x_usart.o(.text)
    USART_SetPrescaler                       0x08005161   Thumb Code    16  stm32f10x_usart.o(.text)
    USART_SmartCardCmd                       0x08005171   Thumb Code    24  stm32f10x_usart.o(.text)
    USART_SmartCardNACKCmd                   0x08005189   Thumb Code    24  stm32f10x_usart.o(.text)
    USART_HalfDuplexCmd                      0x080051a1   Thumb Code    24  stm32f10x_usart.o(.text)
    USART_OverSampling8Cmd                   0x080051b9   Thumb Code    22  stm32f10x_usart.o(.text)
    USART_OneBitMethodCmd                    0x080051cf   Thumb Code    24  stm32f10x_usart.o(.text)
    USART_IrDAConfig                         0x080051e7   Thumb Code    18  stm32f10x_usart.o(.text)
    USART_IrDACmd                            0x080051f9   Thumb Code    24  stm32f10x_usart.o(.text)
    USART_GetFlagStatus                      0x08005211   Thumb Code    26  stm32f10x_usart.o(.text)
    USART_ClearFlag                          0x0800522b   Thumb Code    18  stm32f10x_usart.o(.text)
    USART_GetITStatus                        0x0800523d   Thumb Code    84  stm32f10x_usart.o(.text)
    USART_ClearITPendingBit                  0x08005291   Thumb Code    52  stm32f10x_usart.o(.text)
    FLASH_SetLatency                         0x080052c5   Thumb Code    18  stm32f10x_flash.o(.text)
    FLASH_HalfCycleAccessCmd                 0x080052d7   Thumb Code    22  stm32f10x_flash.o(.text)
    FLASH_PrefetchBufferCmd                  0x080052ed   Thumb Code    22  stm32f10x_flash.o(.text)
    FLASH_Unlock                             0x08005303   Thumb Code    12  stm32f10x_flash.o(.text)
    FLASH_UnlockBank1                        0x0800530f   Thumb Code    12  stm32f10x_flash.o(.text)
    FLASH_Lock                               0x0800531b   Thumb Code    14  stm32f10x_flash.o(.text)
    FLASH_LockBank1                          0x08005329   Thumb Code    14  stm32f10x_flash.o(.text)
    FLASH_GetBank1Status                     0x08005337   Thumb Code    48  stm32f10x_flash.o(.text)
    FLASH_WaitForLastOperation               0x08005367   Thumb Code    38  stm32f10x_flash.o(.text)
    FLASH_ErasePage                          0x0800538d   Thumb Code    72  stm32f10x_flash.o(.text)
    FLASH_EraseAllPages                      0x080053d5   Thumb Code    68  stm32f10x_flash.o(.text)
    FLASH_WaitForLastBank1Operation          0x08005419   Thumb Code    38  stm32f10x_flash.o(.text)
    FLASH_EraseAllBank1Pages                 0x0800543f   Thumb Code    68  stm32f10x_flash.o(.text)
    FLASH_GetReadOutProtectionStatus         0x08005483   Thumb Code    20  stm32f10x_flash.o(.text)
    FLASH_EraseOptionBytes                   0x08005497   Thumb Code   150  stm32f10x_flash.o(.text)
    FLASH_ProgramWord                        0x0800552d   Thumb Code   102  stm32f10x_flash.o(.text)
    FLASH_ProgramHalfWord                    0x08005593   Thumb Code    60  stm32f10x_flash.o(.text)
    FLASH_ProgramOptionByteData              0x080055cf   Thumb Code    72  stm32f10x_flash.o(.text)
    FLASH_EnableWriteProtection              0x08005617   Thumb Code   200  stm32f10x_flash.o(.text)
    FLASH_ReadOutProtection                  0x080056df   Thumb Code   156  stm32f10x_flash.o(.text)
    FLASH_UserOptionByteConfig               0x0800577b   Thumb Code    88  stm32f10x_flash.o(.text)
    FLASH_GetUserOptionByte                  0x080057d3   Thumb Code     8  stm32f10x_flash.o(.text)
    FLASH_GetWriteProtectionOptionByte       0x080057db   Thumb Code     6  stm32f10x_flash.o(.text)
    FLASH_GetPrefetchBufferStatus            0x080057e1   Thumb Code    20  stm32f10x_flash.o(.text)
    FLASH_ITConfig                           0x080057f5   Thumb Code    26  stm32f10x_flash.o(.text)
    FLASH_GetFlagStatus                      0x0800580f   Thumb Code    42  stm32f10x_flash.o(.text)
    FLASH_ClearFlag                          0x08005839   Thumb Code     6  stm32f10x_flash.o(.text)
    FLASH_GetStatus                          0x0800583f   Thumb Code    48  stm32f10x_flash.o(.text)
    __use_two_region_memory                  0x08005881   Thumb Code     2  heapauxi.o(.text)
    __rt_heap_escrow$2region                 0x08005883   Thumb Code     2  heapauxi.o(.text)
    __rt_heap_expand$2region                 0x08005885   Thumb Code     2  heapauxi.o(.text)
    __read_errno                             0x08005887   Thumb Code    10  _rserrno.o(.text)
    __set_errno                              0x08005891   Thumb Code    12  _rserrno.o(.text)
    __aeabi_errno_addr                       0x0800589d   Thumb Code     8  rt_errno_addr_intlibspace.o(.text)
    __errno$intlibspace                      0x0800589d   Thumb Code     0  rt_errno_addr_intlibspace.o(.text)
    __rt_errno_addr$intlibspace              0x0800589d   Thumb Code     0  rt_errno_addr_intlibspace.o(.text)
    __user_libspace                          0x080058a5   Thumb Code     8  libspace.o(.text)
    __user_perproc_libspace                  0x080058a5   Thumb Code     0  libspace.o(.text)
    __user_perthread_libspace                0x080058a5   Thumb Code     0  libspace.o(.text)
    __user_setup_stackheap                   0x080058ad   Thumb Code    74  sys_stackheap_outer.o(.text)
    exit                                     0x080058f7   Thumb Code    12  exit.o(.text)
    _sys_exit                                0x08005905   Thumb Code     8  sys_exit.o(.text)
    __I$use$semihosting                      0x08005911   Thumb Code     0  use_no_semi.o(.text)
    __use_no_semihosting_swi                 0x08005911   Thumb Code     2  use_no_semi.o(.text)
    __ARM_fpclassify                         0x08005913   Thumb Code    40  fpclassify.o(i.__ARM_fpclassify)
    __semihosting_library_function           0x08005913   Thumb Code     0  indicate_semi.o(.text)
    __kernel_poly                            0x0800593b   Thumb Code   170  poly.o(i.__kernel_poly)
    __mathlib_dbl_underflow                  0x080059e5   Thumb Code    10  dunder.o(i.__mathlib_dbl_underflow)
    asin                                     0x080059f5   Thumb Code   584  asin.o(i.asin)
    atan                                     0x08005c71   Thumb Code   478  atan.o(i.atan)
    atan2                                    0x08005e95   Thumb Code   346  atan2.o(i.atan2)
    pow                                      0x08006015   Thumb Code  2510  pow.o(i.pow)
    sqrt                                     0x080069f5   Thumb Code    76  sqrt.o(i.sqrt)
    __aeabi_d2f                              0x08006a41   Thumb Code     0  d2f.o(x$fpl$d2f)
    _d2f                                     0x08006a41   Thumb Code    98  d2f.o(x$fpl$d2f)
    __aeabi_dadd                             0x08006aa5   Thumb Code     0  daddsub_clz.o(x$fpl$dadd)
    _dadd                                    0x08006aa5   Thumb Code   332  daddsub_clz.o(x$fpl$dadd)
    __fpl_dcheck_NaN1                        0x08006bf5   Thumb Code    10  dcheck1.o(x$fpl$dcheck1)
    __fpl_dcmp_Inf                           0x08006c05   Thumb Code    24  dcmpi.o(x$fpl$dcmpinf)
    __aeabi_ddiv                             0x08006c1d   Thumb Code     0  ddiv.o(x$fpl$ddiv)
    _ddiv                                    0x08006c1d   Thumb Code   552  ddiv.o(x$fpl$ddiv)
    __aeabi_d2iz                             0x08006ecd   Thumb Code     0  dfix.o(x$fpl$dfix)
    _dfix                                    0x08006ecd   Thumb Code    94  dfix.o(x$fpl$dfix)
    __aeabi_i2d                              0x08006f2b   Thumb Code     0  dflt_clz.o(x$fpl$dflt)
    _dflt                                    0x08006f2b   Thumb Code    46  dflt_clz.o(x$fpl$dflt)
    __aeabi_cdcmple                          0x08006f59   Thumb Code     0  dleqf.o(x$fpl$dleqf)
    _dcmple                                  0x08006f59   Thumb Code   120  dleqf.o(x$fpl$dleqf)
    __fpl_dcmple_InfNaN                      0x08006fbb   Thumb Code     0  dleqf.o(x$fpl$dleqf)
    __aeabi_dmul                             0x08006fd1   Thumb Code     0  dmul.o(x$fpl$dmul)
    _dmul                                    0x08006fd1   Thumb Code   332  dmul.o(x$fpl$dmul)
    __fpl_dnaninf                            0x08007125   Thumb Code   156  dnaninf.o(x$fpl$dnaninf)
    __fpl_dretinf                            0x080071c1   Thumb Code    12  dretinf.o(x$fpl$dretinf)
    __aeabi_cdrcmple                         0x080071cd   Thumb Code     0  drleqf.o(x$fpl$drleqf)
    _drcmple                                 0x080071cd   Thumb Code   108  drleqf.o(x$fpl$drleqf)
    __aeabi_drsub                            0x08007239   Thumb Code     0  daddsub_clz.o(x$fpl$drsb)
    _drsb                                    0x08007239   Thumb Code    22  daddsub_clz.o(x$fpl$drsb)
    _dsqrt                                   0x08007251   Thumb Code   456  dsqrt_noumaal.o(x$fpl$dsqrt)
    __aeabi_dsub                             0x0800741d   Thumb Code     0  daddsub_clz.o(x$fpl$dsub)
    _dsub                                    0x0800741d   Thumb Code   464  daddsub_clz.o(x$fpl$dsub)
    __aeabi_f2d                              0x080075f1   Thumb Code     0  f2d.o(x$fpl$f2d)
    _f2d                                     0x080075f1   Thumb Code    86  f2d.o(x$fpl$f2d)
    __aeabi_fadd                             0x08007649   Thumb Code     0  faddsub_clz.o(x$fpl$fadd)
    _fadd                                    0x08007649   Thumb Code   196  faddsub_clz.o(x$fpl$fadd)
    __fpl_fcmp_Inf                           0x0800770d   Thumb Code    24  fcmpi.o(x$fpl$fcmpinf)
    __aeabi_fdiv                             0x08007725   Thumb Code     0  fdiv.o(x$fpl$fdiv)
    _fdiv                                    0x08007725   Thumb Code   384  fdiv.o(x$fpl$fdiv)
    __aeabi_cfcmpeq                          0x080078a9   Thumb Code     0  feqf.o(x$fpl$feqf)
    _fcmpeq                                  0x080078a9   Thumb Code   104  feqf.o(x$fpl$feqf)
    __aeabi_f2iz                             0x08007911   Thumb Code     0  ffix.o(x$fpl$ffix)
    _ffix                                    0x08007911   Thumb Code    54  ffix.o(x$fpl$ffix)
    __aeabi_i2f                              0x08007949   Thumb Code     0  fflt_clz.o(x$fpl$fflt)
    _fflt                                    0x08007949   Thumb Code    48  fflt_clz.o(x$fpl$fflt)
    __aeabi_ui2f                             0x08007979   Thumb Code     0  fflt_clz.o(x$fpl$ffltu)
    _ffltu                                   0x08007979   Thumb Code    38  fflt_clz.o(x$fpl$ffltu)
    __aeabi_fmul                             0x080079a1   Thumb Code     0  fmul.o(x$fpl$fmul)
    _fmul                                    0x080079a1   Thumb Code   258  fmul.o(x$fpl$fmul)
    __fpl_fnaninf                            0x08007aa3   Thumb Code   140  fnaninf.o(x$fpl$fnaninf)
    __fpl_fretinf                            0x08007b2f   Thumb Code    10  fretinf.o(x$fpl$fretinf)
    __aeabi_frsub                            0x08007b39   Thumb Code     0  faddsub_clz.o(x$fpl$frsb)
    _frsb                                    0x08007b39   Thumb Code    20  faddsub_clz.o(x$fpl$frsb)
    __aeabi_fsub                             0x08007b4d   Thumb Code     0  faddsub_clz.o(x$fpl$fsub)
    _fsub                                    0x08007b4d   Thumb Code   234  faddsub_clz.o(x$fpl$fsub)
    __fpl_return_NaN                         0x08007c37   Thumb Code   100  retnan.o(x$fpl$retnan)
    __ARM_scalbn                             0x08007c9b   Thumb Code    92  scalbn.o(x$fpl$scalbn)
    __fpl_cmpreturn                          0x08007cf7   Thumb Code    48  trapv.o(x$fpl$trapveneer)
    __I$use$fp                               0x08007d26   Number         0  usenofp.o(x$fpl$usenofp)
    __mathlib_zero                           0x08007e98   Data           8  qnan.o(.constdata)
    Region$$Table$$Base                      0x08007ea0   Number         0  anon$$obj.o(Region$$Table)
    Region$$Table$$Limit                     0x08007ec0   Number         0  anon$$obj.o(Region$$Table)
    SystemCoreClock                          0x20000000   Data           4  system_stm32f10x.o(.data)
    AHBPrescTable                            0x20000004   Data          16  system_stm32f10x.o(.data)
    HMC5883_lastx                            0x20000018   Data           4  hmc5883l.o(.data)
    HMC5883_lasty                            0x2000001c   Data           4  hmc5883l.o(.data)
    HMC5883_lastz                            0x20000020   Data           4  hmc5883l.o(.data)
    HMC5883_maxx                             0x20000024   Data           2  hmc5883l.o(.data)
    HMC5883_maxy                             0x20000026   Data           2  hmc5883l.o(.data)
    HMC5883_maxz                             0x20000028   Data           2  hmc5883l.o(.data)
    HMC5883_minx                             0x2000002a   Data           2  hmc5883l.o(.data)
    HMC5883_miny                             0x2000002c   Data           2  hmc5883l.o(.data)
    HMC5883_minz                             0x2000002e   Data           2  hmc5883l.o(.data)
    HMC5883_calib                            0x20000044   Data           1  hmc5883l.o(.data)
    exInt                                    0x20000048   Data           4  imu.o(.data)
    eyInt                                    0x2000004c   Data           4  imu.o(.data)
    ezInt                                    0x20000050   Data           4  imu.o(.data)
    q0                                       0x20000054   Data           4  imu.o(.data)
    q1                                       0x20000058   Data           4  imu.o(.data)
    q2                                       0x2000005c   Data           4  imu.o(.data)
    q3                                       0x20000060   Data           4  imu.o(.data)
    integralFBhand                           0x20000064   Data           4  imu.o(.data)
    handdiff                                 0x20000068   Data           4  imu.o(.data)
    lastUpdate                               0x2000006c   Data           4  imu.o(.data)
    now                                      0x20000070   Data           4  imu.o(.data)
    lightc                                   0x20000114   Data           1  led.o(.data)
    Gx_offset                                0x20000116   Data           2  mpu6050.o(.data)
    Gy_offset                                0x20000118   Data           2  mpu6050.o(.data)
    Gz_offset                                0x2000011a   Data           2  mpu6050.o(.data)
    MPU6050_Lastax                           0x2000011c   Data           2  mpu6050.o(.data)
    MPU6050_Lastay                           0x2000011e   Data           2  mpu6050.o(.data)
    MPU6050_Lastaz                           0x20000120   Data           2  mpu6050.o(.data)
    MPU6050_Lastgx                           0x20000122   Data           2  mpu6050.o(.data)
    MPU6050_Lastgy                           0x20000124   Data           2  mpu6050.o(.data)
    MPU6050_Lastgz                           0x20000126   Data           2  mpu6050.o(.data)
    U2TxCounter                              0x20000128   Data           1  uart2.o(.data)
    U2count                                  0x20000129   Data           1  uart2.o(.data)
    rx_wr_index                              0x2000012a   Data           1  uart2.o(.data)
    RC_Flag                                  0x2000012b   Data           1  uart2.o(.data)
    TxCounter                                0x2000012c   Data           1  uarts.o(.data)
    count                                    0x2000012d   Data           1  uarts.o(.data)
    ac1                                      0x20000130   Data           2  bmp180.o(.data)
    ac2                                      0x20000132   Data           2  bmp180.o(.data)
    ac3                                      0x20000134   Data           2  bmp180.o(.data)
    b1                                       0x20000136   Data           2  bmp180.o(.data)
    b2                                       0x20000138   Data           2  bmp180.o(.data)
    mb                                       0x2000013a   Data           2  bmp180.o(.data)
    mc                                       0x2000013c   Data           2  bmp180.o(.data)
    md                                       0x2000013e   Data           2  bmp180.o(.data)
    ac4                                      0x20000140   Data           2  bmp180.o(.data)
    ac5                                      0x20000142   Data           2  bmp180.o(.data)
    ac6                                      0x20000144   Data           2  bmp180.o(.data)
    b5                                       0x20000148   Data           4  bmp180.o(.data)
    ConvetTime                               0x2000014c   Data           4  bmp180.o(.data)
    _buff                                    0x20000150   Data           3  bmp180.o(.data)
    _oss                                     0x20000154   Data           2  bmp180.o(.data)
    _cm_Offset                               0x20000158   Data           4  bmp180.o(.data)
    _Pa_Offset                               0x2000015c   Data           4  bmp180.o(.data)
    _param_datum                             0x20000160   Data           4  bmp180.o(.data)
    _param_centimeters                       0x20000164   Data           4  bmp180.o(.data)
    BPM085_ST                                0x20000168   Data           1  bmp180.o(.data)
    last_Temperature                         0x2000016c   Data           4  bmp180.o(.data)
    last_Pressure                            0x20000170   Data           4  bmp180.o(.data)
    last_Alt                                 0x20000174   Data           4  bmp180.o(.data)
    temp_index                               0x20000178   Data           1  bmp180.o(.data)
    press_index                              0x20000179   Data           1  bmp180.o(.data)
    alt_index                                0x2000017a   Data           1  bmp180.o(.data)
    ax                                       0x2000017c   Data           2  main.o(.data)
    ay                                       0x2000017e   Data           2  main.o(.data)
    az                                       0x20000180   Data           2  main.o(.data)
    gx                                       0x20000182   Data           2  main.o(.data)
    gy                                       0x20000184   Data           2  main.o(.data)
    gz                                       0x20000186   Data           2  main.o(.data)
    hx                                       0x20000188   Data           2  main.o(.data)
    hy                                       0x2000018a   Data           2  main.o(.data)
    hz                                       0x2000018c   Data           2  main.o(.data)
    Temperature                              0x20000190   Data           4  main.o(.data)
    Pressure                                 0x20000194   Data           4  main.o(.data)
    Altitude                                 0x20000198   Data           4  main.o(.data)
    system_micrsecond                        0x2000019c   Data           4  main.o(.data)
    hmcvalue                                 0x200001a0   Data           6  main.o(.data)
    state                                    0x200001a6   Data           1  main.o(.data)
    HMC5883_FIFO                             0x200001bc   Data          66  hmc5883l.o(.bss)
    mygetqval                                0x20000200   Data          36  imu.o(.bss)
    buffer                                   0x20000224   Data          14  mpu6050.o(.bss)
    MPU6050_FIFO                             0x20000232   Data         132  mpu6050.o(.bss)
    U2TxBuffer                               0x200002b6   Data         258  uart2.o(.bss)
    rx_buffer                                0x200003b8   Data         100  uart2.o(.bss)
    TxBuffer                                 0x2000041c   Data         258  uarts.o(.bss)
    Temp_buffer                              0x20000520   Data         128  bmp180.o(.bss)
    Press_buffer                             0x200005a0   Data         128  bmp180.o(.bss)
    Alt_buffer                               0x20000620   Data         128  bmp180.o(.bss)
    Config                                   0x200006a0   Data          28  eeprom.o(.bss)
    __libspace_start                         0x200006bc   Data          96  libspace.o(.bss)
    __temporary_stack_top$libspace           0x2000071c   Data           0  libspace.o(.bss)



==============================================================================

Memory Map of the image

  Image Entry point : 0x080003a9

  Load Region LR_1 (Base: 0x08000000, Size: 0x0000807c, Max: 0xffffffff, ABSOLUTE, COMPRESSED[0x00007f1c])

    Execution Region ER_RO (Base: 0x08000000, Size: 0x00007ec0, Max: 0xffffffff, ABSOLUTE)

    Base Addr    Size         Type   Attr      Idx    E Section Name        Object

    0x08000000   0x000000ec   Data   RO           89    RESET               startup_stm32f10x_md.o
    0x080000ec   0x00000008   Code   RO          455  * !!!main             c_w.l(__main.o)
    0x080000f4   0x00000034   Code   RO          748    !!!scatter          c_w.l(__scatter.o)
    0x08000128   0x0000005a   Code   RO          746    !!dczerorl2         c_w.l(__dczerorl2.o)
    0x08000182   0x00000002   PAD
    0x08000184   0x0000001c   Code   RO          750    !!handler_zi        c_w.l(__scatter_zi.o)
    0x080001a0   0x00000002   Code   RO          618    .ARM.Collect$$libinit$$00000000  c_w.l(libinit.o)
    0x080001a2   0x00000000   Code   RO          624    .ARM.Collect$$libinit$$00000002  c_w.l(libinit2.o)
    0x080001a2   0x00000000   Code   RO          627    .ARM.Collect$$libinit$$00000008  c_w.l(libinit2.o)
    0x080001a2   0x00000000   Code   RO          629    .ARM.Collect$$libinit$$0000000A  c_w.l(libinit2.o)
    0x080001a2   0x00000000   Code   RO          631    .ARM.Collect$$libinit$$0000000C  c_w.l(libinit2.o)
    0x080001a2   0x00000000   Code   RO          634    .ARM.Collect$$libinit$$0000000F  c_w.l(libinit2.o)
    0x080001a2   0x00000000   Code   RO          636    .ARM.Collect$$libinit$$00000011  c_w.l(libinit2.o)
    0x080001a2   0x00000000   Code   RO          638    .ARM.Collect$$libinit$$00000013  c_w.l(libinit2.o)
    0x080001a2   0x00000000   Code   RO          640    .ARM.Collect$$libinit$$00000015  c_w.l(libinit2.o)
    0x080001a2   0x00000000   Code   RO          642    .ARM.Collect$$libinit$$00000017  c_w.l(libinit2.o)
    0x080001a2   0x00000000   Code   RO          644    .ARM.Collect$$libinit$$00000019  c_w.l(libinit2.o)
    0x080001a2   0x00000000   Code   RO          646    .ARM.Collect$$libinit$$0000001B  c_w.l(libinit2.o)
    0x080001a2   0x00000000   Code   RO          648    .ARM.Collect$$libinit$$0000001D  c_w.l(libinit2.o)
    0x080001a2   0x00000000   Code   RO          650    .ARM.Collect$$libinit$$0000001F  c_w.l(libinit2.o)
    0x080001a2   0x00000000   Code   RO          652    .ARM.Collect$$libinit$$00000021  c_w.l(libinit2.o)
    0x080001a2   0x00000000   Code   RO          654    .ARM.Collect$$libinit$$00000023  c_w.l(libinit2.o)
    0x080001a2   0x00000000   Code   RO          658    .ARM.Collect$$libinit$$0000002A  c_w.l(libinit2.o)
    0x080001a2   0x00000000   Code   RO          660    .ARM.Collect$$libinit$$0000002C  c_w.l(libinit2.o)
    0x080001a2   0x00000000   Code   RO          662    .ARM.Collect$$libinit$$0000002E  c_w.l(libinit2.o)
    0x080001a2   0x00000000   Code   RO          664    .ARM.Collect$$libinit$$00000030  c_w.l(libinit2.o)
    0x080001a2   0x00000002   Code   RO          665    .ARM.Collect$$libinit$$00000031  c_w.l(libinit2.o)
    0x080001a4   0x00000002   Code   RO          687    .ARM.Collect$$libshutdown$$00000000  c_w.l(libshutdown.o)
    0x080001a6   0x00000000   Code   RO          701    .ARM.Collect$$libshutdown$$00000003  c_w.l(libshutdown2.o)
    0x080001a6   0x00000000   Code   RO          704    .ARM.Collect$$libshutdown$$00000006  c_w.l(libshutdown2.o)
    0x080001a6   0x00000000   Code   RO          707    .ARM.Collect$$libshutdown$$00000009  c_w.l(libshutdown2.o)
    0x080001a6   0x00000000   Code   RO          709    .ARM.Collect$$libshutdown$$0000000B  c_w.l(libshutdown2.o)
    0x080001a6   0x00000000   Code   RO          712    .ARM.Collect$$libshutdown$$0000000E  c_w.l(libshutdown2.o)
    0x080001a6   0x00000002   Code   RO          713    .ARM.Collect$$libshutdown$$0000000F  c_w.l(libshutdown2.o)
    0x080001a8   0x00000000   Code   RO          543    .ARM.Collect$$rtentry$$00000000  c_w.l(rtentry.o)
    0x080001a8   0x00000000   Code   RO          583    .ARM.Collect$$rtentry$$00000002  c_w.l(rtentry2.o)
    0x080001a8   0x00000006   Code   RO          595    .ARM.Collect$$rtentry$$00000004  c_w.l(rtentry4.o)
    0x080001ae   0x00000000   Code   RO          585    .ARM.Collect$$rtentry$$00000009  c_w.l(rtentry2.o)
    0x080001ae   0x00000004   Code   RO          586    .ARM.Collect$$rtentry$$0000000A  c_w.l(rtentry2.o)
    0x080001b2   0x00000000   Code   RO          588    .ARM.Collect$$rtentry$$0000000C  c_w.l(rtentry2.o)
    0x080001b2   0x00000008   Code   RO          589    .ARM.Collect$$rtentry$$0000000D  c_w.l(rtentry2.o)
    0x080001ba   0x00000002   Code   RO          621    .ARM.Collect$$rtexit$$00000000  c_w.l(rtexit.o)
    0x080001bc   0x00000000   Code   RO          669    .ARM.Collect$$rtexit$$00000002  c_w.l(rtexit2.o)
    0x080001bc   0x00000004   Code   RO          670    .ARM.Collect$$rtexit$$00000003  c_w.l(rtexit2.o)
    0x080001c0   0x00000006   Code   RO          671    .ARM.Collect$$rtexit$$00000004  c_w.l(rtexit2.o)
    0x080001c6   0x00000002   PAD
    0x080001c8   0x000001e0   Code   RO           17    .text               system_stm32f10x.o
    0x080003a8   0x00000040   Code   RO           90  * .text               startup_stm32f10x_md.o
    0x080003e8   0x000000b0   Code   RO           94    .text               delay.o
    0x08000498   0x00000420   Code   RO          134    .text               ioi2c.o
    0x080008b8   0x000004c4   Code   RO          149    .text               hmc5883l.o
    0x08000d7c   0x00000c20   Code   RO          184    .text               imu.o
    0x0800199c   0x0000015c   Code   RO          231    .text               led.o
    0x08001af8   0x000005fc   Code   RO          249    .text               mpu6050.o
    0x080020f4   0x0000079c   Code   RO          272    .text               uart2.o
    0x08002890   0x00000540   Code   RO          291    .text               uarts.o
    0x08002dd0   0x00000714   Code   RO          307    .text               bmp180.o
    0x080034e4   0x00000090   Code   RO          326    .text               eeprom.o
    0x08003574   0x00000334   Code   RO          347    .text               main.o
    0x080038a8   0x0000001a   Code   RO          362    .text               stm32f10x_it.o
    0x080038c2   0x00000002   PAD
    0x080038c4   0x000000dc   Code   RO          377    .text               misc.o
    0x080039a0   0x0000035c   Code   RO          389    .text               stm32f10x_gpio.o
    0x08003cfc   0x000003a4   Code   RO          401    .text               stm32f10x_rcc.o
    0x080040a0   0x00000e1a   Code   RO          415    .text               stm32f10x_tim.o
    0x08004eba   0x00000002   PAD
    0x08004ebc   0x00000408   Code   RO          427    .text               stm32f10x_usart.o
    0x080052c4   0x000005bc   Code   RO          439    .text               stm32f10x_flash.o
    0x08005880   0x00000006   Code   RO          453    .text               c_w.l(heapauxi.o)
    0x08005886   0x00000016   Code   RO          544    .text               c_w.l(_rserrno.o)
    0x0800589c   0x00000008   Code   RO          600    .text               c_w.l(rt_errno_addr_intlibspace.o)
    0x080058a4   0x00000008   Code   RO          606    .text               c_w.l(libspace.o)
    0x080058ac   0x0000004a   Code   RO          609    .text               c_w.l(sys_stackheap_outer.o)
    0x080058f6   0x0000000c   Code   RO          611    .text               c_w.l(exit.o)
    0x08005902   0x00000002   PAD
    0x08005904   0x0000000c   Code   RO          679    .text               c_w.l(sys_exit.o)
    0x08005910   0x00000002   Code   RO          690    .text               c_w.l(use_no_semi.o)
    0x08005912   0x00000000   Code   RO          692    .text               c_w.l(indicate_semi.o)
    0x08005912   0x00000028   Code   RO          577    i.__ARM_fpclassify  m_ws.l(fpclassify.o)
    0x0800593a   0x000000aa   Code   RO          579    i.__kernel_poly     m_ws.l(poly.o)
    0x080059e4   0x00000010   Code   RO          575    i.__mathlib_dbl_underflow  m_ws.l(dunder.o)
    0x080059f4   0x0000027c   Code   RO          508    i.asin              m_ws.l(asin.o)
    0x08005c70   0x00000224   Code   RO          566    i.atan              m_ws.l(atan.o)
    0x08005e94   0x00000180   Code   RO          518    i.atan2             m_ws.l(atan2.o)
    0x08006014   0x000009e0   Code   RO          526    i.pow               m_ws.l(pow.o)
    0x080069f4   0x0000004c   Code   RO          536    i.sqrt              m_ws.l(sqrt.o)
    0x08006a40   0x00000062   Code   RO          457    x$fpl$d2f           fz_ws.l(d2f.o)
    0x08006aa2   0x00000002   PAD
    0x08006aa4   0x00000150   Code   RO          459    x$fpl$dadd          fz_ws.l(daddsub_clz.o)
    0x08006bf4   0x00000010   Code   RO          602    x$fpl$dcheck1       fz_ws.l(dcheck1.o)
    0x08006c04   0x00000018   Code   RO          604    x$fpl$dcmpinf       fz_ws.l(dcmpi.o)
    0x08006c1c   0x000002b0   Code   RO          466    x$fpl$ddiv          fz_ws.l(ddiv.o)
    0x08006ecc   0x0000005e   Code   RO          469    x$fpl$dfix          fz_ws.l(dfix.o)
    0x08006f2a   0x0000002e   Code   RO          474    x$fpl$dflt          fz_ws.l(dflt_clz.o)
    0x08006f58   0x00000078   Code   RO          546    x$fpl$dleqf         fz_ws.l(dleqf.o)
    0x08006fd0   0x00000154   Code   RO          479    x$fpl$dmul          fz_ws.l(dmul.o)
    0x08007124   0x0000009c   Code   RO          548    x$fpl$dnaninf       fz_ws.l(dnaninf.o)
    0x080071c0   0x0000000c   Code   RO          550    x$fpl$dretinf       fz_ws.l(dretinf.o)
    0x080071cc   0x0000006c   Code   RO          552    x$fpl$drleqf        fz_ws.l(drleqf.o)
    0x08007238   0x00000016   Code   RO          460    x$fpl$drsb          fz_ws.l(daddsub_clz.o)
    0x0800724e   0x00000002   PAD
    0x08007250   0x000001cc   Code   RO          554    x$fpl$dsqrt         fz_ws.l(dsqrt_noumaal.o)
    0x0800741c   0x000001d4   Code   RO          461    x$fpl$dsub          fz_ws.l(daddsub_clz.o)
    0x080075f0   0x00000056   Code   RO          481    x$fpl$f2d           fz_ws.l(f2d.o)
    0x08007646   0x00000002   PAD
    0x08007648   0x000000c4   Code   RO          483    x$fpl$fadd          fz_ws.l(faddsub_clz.o)
    0x0800770c   0x00000018   Code   RO          556    x$fpl$fcmpinf       fz_ws.l(fcmpi.o)
    0x08007724   0x00000184   Code   RO          490    x$fpl$fdiv          fz_ws.l(fdiv.o)
    0x080078a8   0x00000068   Code   RO          493    x$fpl$feqf          fz_ws.l(feqf.o)
    0x08007910   0x00000036   Code   RO          495    x$fpl$ffix          fz_ws.l(ffix.o)
    0x08007946   0x00000002   PAD
    0x08007948   0x00000030   Code   RO          500    x$fpl$fflt          fz_ws.l(fflt_clz.o)
    0x08007978   0x00000026   Code   RO          499    x$fpl$ffltu         fz_ws.l(fflt_clz.o)
    0x0800799e   0x00000002   PAD
    0x080079a0   0x00000102   Code   RO          505    x$fpl$fmul          fz_ws.l(fmul.o)
    0x08007aa2   0x0000008c   Code   RO          558    x$fpl$fnaninf       fz_ws.l(fnaninf.o)
    0x08007b2e   0x0000000a   Code   RO          560    x$fpl$fretinf       fz_ws.l(fretinf.o)
    0x08007b38   0x00000014   Code   RO          484    x$fpl$frsb          fz_ws.l(faddsub_clz.o)
    0x08007b4c   0x000000ea   Code   RO          485    x$fpl$fsub          fz_ws.l(faddsub_clz.o)
    0x08007c36   0x00000064   Code   RO          619    x$fpl$retnan        fz_ws.l(retnan.o)
    0x08007c9a   0x0000005c   Code   RO          562    x$fpl$scalbn        fz_ws.l(scalbn.o)
    0x08007cf6   0x00000030   Code   RO          666    x$fpl$trapveneer    fz_ws.l(trapv.o)
    0x08007d26   0x00000000   Code   RO          564    x$fpl$usenofp       fz_ws.l(usenofp.o)
    0x08007d26   0x00000002   PAD
    0x08007d28   0x00000050   Data   RO          509    .constdata          m_ws.l(asin.o)
    0x08007d78   0x00000088   Data   RO          527    .constdata          m_ws.l(pow.o)
    0x08007e00   0x00000098   Data   RO          567    .constdata          m_ws.l(atan.o)
    0x08007e98   0x00000008   Data   RO          581    .constdata          m_ws.l(qnan.o)
    0x08007ea0   0x00000020   Data   RO          744    Region$$Table       anon$$obj.o


    Execution Region ER_RW (Base: 0x20000000, Size: 0x000001bc, Max: 0xffffffff, ABSOLUTE, COMPRESSED[0x0000005c])

    Base Addr    Size         Type   Attr      Idx    E Section Name        Object

    0x20000000   0x00000014   Data   RW           18    .data               system_stm32f10x.o
    0x20000014   0x00000004   Data   RW           95    .data               delay.o
    0x20000018   0x0000002d   Data   RW          151    .data               hmc5883l.o
    0x20000045   0x00000003   PAD
    0x20000048   0x0000002c   Data   RW          186    .data               imu.o
    0x20000074   0x000000a1   Data   RW          232    .data               led.o
    0x20000115   0x00000001   PAD
    0x20000116   0x00000012   Data   RW          251    .data               mpu6050.o
    0x20000128   0x00000004   Data   RW          274    .data               uart2.o
    0x2000012c   0x00000002   Data   RW          293    .data               uarts.o
    0x2000012e   0x00000002   PAD
    0x20000130   0x0000004b   Data   RW          309    .data               bmp180.o
    0x2000017b   0x00000001   PAD
    0x2000017c   0x0000002b   Data   RW          348    .data               main.o
    0x200001a7   0x00000014   Data   RW          402    .data               stm32f10x_rcc.o


    Execution Region ER_ZI (Base: 0x200001bc, Size: 0x00000b64, Max: 0xffffffff, ABSOLUTE)

    Base Addr    Size         Type   Attr      Idx    E Section Name        Object

    0x200001bc   0x00000042   Zero   RW          150    .bss                hmc5883l.o
    0x200001fe   0x00000002   PAD
    0x20000200   0x00000024   Zero   RW          185    .bss                imu.o
    0x20000224   0x00000092   Zero   RW          250    .bss                mpu6050.o
    0x200002b6   0x00000166   Zero   RW          273    .bss                uart2.o
    0x2000041c   0x00000102   Zero   RW          292    .bss                uarts.o
    0x2000051e   0x00000002   PAD
    0x20000520   0x00000180   Zero   RW          308    .bss                bmp180.o
    0x200006a0   0x0000001c   Zero   RW          327    .bss                eeprom.o
    0x200006bc   0x00000060   Zero   RW          607    .bss                c_w.l(libspace.o)
    0x2000071c   0x00000004   PAD
    0x20000720   0x00000200   Zero   RW           88    HEAP                startup_stm32f10x_md.o
    0x20000920   0x00000400   Zero   RW           87    STACK               startup_stm32f10x_md.o


==============================================================================

Image component sizes


      Code (inc. data)   RO Data    RW Data    ZI Data      Debug   Object Name

      1812        202          0         75        384       6980   bmp180.o
         0          0          0          0          0       4304   core_cm3.o
       176          8          0          4          0     204283   delay.o
       144         12          0          0         28       1828   eeprom.o
      1220        114          0         45         66       4793   hmc5883l.o
      3104        124          0         44         36       3948   imu.o
      1056         12          0          0          0       4445   ioi2c.o
       348         16          0        161          0       1654   led.o
       820         90          0         43          0       1703   main.o
       220         22          0          0          0       1681   misc.o
      1532         54          0         18        146       5305   mpu6050.o
        64         26        236          0       1536        776   startup_stm32f10x_md.o
      1468         34          0          0          0       7914   stm32f10x_flash.o
       860         38          0          0          0       5529   stm32f10x_gpio.o
        26          0          0          0          0       1190   stm32f10x_it.o
       932         36          0         20          0       8664   stm32f10x_rcc.o
      3610         88          0          0          0      22016   stm32f10x_tim.o
      1032         22          0          0          0       8252   stm32f10x_usart.o
       480         38          0         20          0      51343   system_stm32f10x.o
      1948         52          0          4        358       6225   uart2.o
      1344         38          0          2        258       4718   uarts.o

    ----------------------------------------------------------------------
     22200       1026        268        444       2816     357551   Object Totals
         0          0         32          0          0          0   (incl. Generated)
         4          0          0          8          4          0   (incl. Padding)

    ----------------------------------------------------------------------

      Code (inc. data)   RO Data    RW Data    ZI Data      Debug   Library Member Name

        90          0          0          0          0          0   __dczerorl2.o
         8          0          0          0          0         68   __main.o
        52          8          0          0          0          0   __scatter.o
        28          0          0          0          0          0   __scatter_zi.o
        22          0          0          0          0        100   _rserrno.o
        12          0          0          0          0         72   exit.o
         6          0          0          0          0        152   heapauxi.o
         0          0          0          0          0          0   indicate_semi.o
         2          0          0          0          0          0   libinit.o
         2          0          0          0          0          0   libinit2.o
         2          0          0          0          0          0   libshutdown.o
         2          0          0          0          0          0   libshutdown2.o
         8          4          0          0         96         68   libspace.o
         8          4          0          0          0         68   rt_errno_addr_intlibspace.o
         0          0          0          0          0          0   rtentry.o
        12          0          0          0          0          0   rtentry2.o
         6          0          0          0          0          0   rtentry4.o
         2          0          0          0          0          0   rtexit.o
        10          0          0          0          0          0   rtexit2.o
        12          4          0          0          0         68   sys_exit.o
        74          0          0          0          0         80   sys_stackheap_outer.o
         2          0          0          0          0         68   use_no_semi.o
        98          4          0          0          0         92   d2f.o
       826         16          0          0          0        348   daddsub_clz.o
        16          4          0          0          0         68   dcheck1.o
        24          0          0          0          0         68   dcmpi.o
       688        140          0          0          0        208   ddiv.o
        94          4          0          0          0         92   dfix.o
        46          0          0          0          0         68   dflt_clz.o
       120          4          0          0          0         92   dleqf.o
       340         12          0          0          0        104   dmul.o
       156          4          0          0          0         92   dnaninf.o
        12          0          0          0          0         68   dretinf.o
       108          0          0          0          0         80   drleqf.o
       460         56          0          0          0        120   dsqrt_noumaal.o
        86          4          0          0          0         84   f2d.o
       450          8          0          0          0        236   faddsub_clz.o
        24          0          0          0          0         68   fcmpi.o
       388         76          0          0          0         96   fdiv.o
       104          4          0          0          0         84   feqf.o
        54          4          0          0          0         84   ffix.o
        86          0          0          0          0        136   fflt_clz.o
       258          4          0          0          0         84   fmul.o
       140          4          0          0          0         84   fnaninf.o
        10          0          0          0          0         68   fretinf.o
       100          0          0          0          0         68   retnan.o
        92          0          0          0          0         68   scalbn.o
        48          0          0          0          0         68   trapv.o
         0          0          0          0          0          0   usenofp.o
       636         52         80          0          0        168   asin.o
       548         70        152          0          0        124   atan.o
       384         38          0          0          0        144   atan2.o
        16          6          0          0          0         68   dunder.o
        40          0          0          0          0         68   fpclassify.o
       170          0          0          0          0         96   poly.o
      2528        190        136          0          0        332   pow.o
         0          0          8          0          0          0   qnan.o
        76          0          0          0          0         84   sqrt.o

    ----------------------------------------------------------------------
      9604        724        376          0        100       4556   Library Totals
        18          0          0          0          4          0   (incl. Padding)

    ----------------------------------------------------------------------

      Code (inc. data)   RO Data    RW Data    ZI Data      Debug   Library Name

       360         20          0          0         96        744   c_w.l
      4828        348          0          0          0       2728   fz_ws.l
      4398        356        376          0          0       1084   m_ws.l

    ----------------------------------------------------------------------
      9604        724        376          0        100       4556   Library Totals

    ----------------------------------------------------------------------

==============================================================================


      Code (inc. data)   RO Data    RW Data    ZI Data      Debug   

     31804       1750        644        444       2916     358203   Grand Totals
     31804       1750        644         92       2916     358203   ELF Image Totals (compressed)
     31804       1750        644         92          0          0   ROM Totals

==============================================================================

    Total RO  Size (Code + RO Data)                32448 (  31.69kB)
    Total RW  Size (RW Data + ZI Data)              3360 (   3.28kB)
    Total ROM Size (Code + RO Data + RW Data)      32540 (  31.78kB)

==============================================================================

